Component: ARM Compiler 5.06 update 6 (build 750) Tool: armlink [4d35ed]

==============================================================================

Section Cross References

    startup_ft32f030x8.o(RESET) refers to startup_ft32f030x8.o(STACK) for __initial_sp
    startup_ft32f030x8.o(RESET) refers to startup_ft32f030x8.o(.text) for Reset_Handler
    startup_ft32f030x8.o(RESET) refers to ft32f0xx_it.o(i.NMI_Handler) for NMI_Handler
    startup_ft32f030x8.o(RESET) refers to ft32f0xx_it.o(i.HardFault_Handler) for HardFault_Handler
    startup_ft32f030x8.o(RESET) refers to ft32f0xx_it.o(i.SVC_Handler) for SVC_Handler
    startup_ft32f030x8.o(RESET) refers to ft32f0xx_it.o(i.PendSV_Handler) for PendSV_Handler
    startup_ft32f030x8.o(RESET) refers to ft32f0xx_it.o(i.SysTick_Handler) for SysTick_Handler
    startup_ft32f030x8.o(RESET) refers to ft_exit.o(i.EXTI4_15_IRQHandler) for EXTI4_15_IRQHandler
    startup_ft32f030x8.o(RESET) refers to ft_timer.o(i.TIM3_IRQHandler) for TIM3_IRQHandler
    startup_ft32f030x8.o(.text) refers to startup_ft32f030x8.o(STACK) for __initial_sp
    startup_ft32f030x8.o(.text) refers to system_ft32f0xx.o(i.SystemInit) for SystemInit
    startup_ft32f030x8.o(.text) refers to entry.o(.ARM.Collect$$$$00000000) for __main
    system_ft32f0xx.o(i.SystemCoreClockUpdate) refers to uidiv.o(.text) for __aeabi_uidivmod
    system_ft32f0xx.o(i.SystemCoreClockUpdate) refers to system_ft32f0xx.o(.data) for SystemCoreClock
    system_ft32f0xx.o(i.SystemInit) refers to system_ft32f0xx.o(i.SetSysClock) for SetSysClock
    main.o(i.main) refers to mid_systick.o(i.mid_system_tick_init) for mid_system_tick_init
    main.o(i.main) refers to tft_lcd_handler.o(i.tft_lcd_init) for tft_lcd_init
    main.o(i.main) refers to tft_lcd_handler.o(i.Display_UI1) for Display_UI1
    main.o(i.main) refers to tft_lcd_handler.o(i.Display_Dynamic) for Display_Dynamic
    tft_lcd_handler.o(i.Display_Dynamic) refers to mid_tftlcd.o(i.LCD_FillRectanglePercent) for LCD_FillRectanglePercent
    tft_lcd_handler.o(i.Display_Dynamic) refers to mid_delay.o(i.delay_ms) for delay_ms
    tft_lcd_handler.o(i.Display_Dynamic) refers to tft_lcd_handler.o(.data) for m_tftlcd_display_obj
    tft_lcd_handler.o(i.Display_UI1) refers to mid_tftlcd.o(i.LCD_ShowString) for LCD_ShowString
    tft_lcd_handler.o(i.Display_UI1) refers to mid_tftlcd.o(i.LCD_DrawRectangle) for LCD_DrawRectangle
    tft_lcd_handler.o(i.Display_UI1) refers to mid_tftlcd.o(i.LCD_DrawLine) for LCD_DrawLine
    tft_lcd_handler.o(i.Display_UI1) refers to mid_tftlcd.o(i.LCD_ShowBMP) for LCD_ShowBMP
    tft_lcd_handler.o(i.Display_UI1) refers to mid_tftlcd.o(i.LCD_DrawTriangle) for LCD_DrawTriangle
    tft_lcd_handler.o(i.Display_UI1) refers to mid_tftlcd.o(i.LCD_FillTriangle) for LCD_FillTriangle
    tft_lcd_handler.o(i.Display_UI1) refers to tft_lcd_handler.o(.data) for m_tftlcd_display_obj
    tft_lcd_handler.o(i.Display_UI1) refers to tft_lcd_handler.o(.constdata) for gImage_dot
    tft_lcd_handler.o(i.tft_lcd_init) refers to st7789.o(i.st7789_init) for st7789_init
    tft_lcd_handler.o(i.tft_lcd_init) refers to tft_lcd_handler.o(.data) for m_tftlcd_display_obj
    tft_lcd_handler.o(.data) refers to st7789.o(i.st7789_write_cmd) for st7789_write_cmd
    tft_lcd_handler.o(.data) refers to st7789.o(i.st7789_write_data) for st7789_write_data
    tft_lcd_handler.o(.data) refers to st7789.o(i.st7789_write_burst_data) for st7789_write_burst_data
    ft32f0xx_adc.o(i.ADC_DeInit) refers to ft32f0xx_rcc.o(i.RCC_APB2PeriphResetCmd) for RCC_APB2PeriphResetCmd
    ft32f0xx_crs.o(i.CRS_DeInit) refers to ft32f0xx_rcc.o(i.RCC_APB1PeriphResetCmd) for RCC_APB1PeriphResetCmd
    ft32f0xx_flash.o(i.FLASH_EraseAllPages) refers to ft32f0xx_flash.o(i.FLASH_PrefetchBufferCmd) for FLASH_PrefetchBufferCmd
    ft32f0xx_flash.o(i.FLASH_EraseAllPages) refers to ft32f0xx_flash.o(i.FLASH_WaitForLastOperation) for FLASH_WaitForLastOperation
    ft32f0xx_flash.o(i.FLASH_ErasePage) refers to ft32f0xx_flash.o(i.FLASH_PrefetchBufferCmd) for FLASH_PrefetchBufferCmd
    ft32f0xx_flash.o(i.FLASH_ErasePage) refers to ft32f0xx_flash.o(i.FLASH_WaitForLastOperation) for FLASH_WaitForLastOperation
    ft32f0xx_flash.o(i.FLASH_OB_BOOTConfig) refers to ft32f0xx_flash.o(i.FLASH_WaitForLastOperation) for FLASH_WaitForLastOperation
    ft32f0xx_flash.o(i.FLASH_OB_EnableWRP) refers to ft32f0xx_flash.o(i.FLASH_WaitForLastOperation) for FLASH_WaitForLastOperation
    ft32f0xx_flash.o(i.FLASH_OB_Erase) refers to ft32f0xx_flash.o(i.FLASH_OB_GetRDP) for FLASH_OB_GetRDP
    ft32f0xx_flash.o(i.FLASH_OB_Erase) refers to ft32f0xx_flash.o(i.FLASH_WaitForLastOperation) for FLASH_WaitForLastOperation
    ft32f0xx_flash.o(i.FLASH_OB_ProgramData) refers to ft32f0xx_flash.o(i.FLASH_WaitForLastOperation) for FLASH_WaitForLastOperation
    ft32f0xx_flash.o(i.FLASH_OB_RDPConfig) refers to ft32f0xx_flash.o(i.FLASH_WaitForLastOperation) for FLASH_WaitForLastOperation
[...]
    printf4.o(i.__0vprintf$4) refers to retarget.o(i.fputc) for fputc
    printf4.o(i.__0vprintf$4) refers to retarget.o(.data) for __stdout
    printf4.o(i.__0vsnprintf$4) refers to printf4.o(i._printf_core) for _printf_core
    printf4.o(i.__0vsnprintf$4) refers to printf4.o(i._snputc) for _snputc
    printf4.o(i.__0vsprintf$4) refers to printf4.o(i._printf_core) for _printf_core
    printf4.o(i.__0vsprintf$4) refers to printf4.o(i._sputc) for _sputc
    printf4.o(i._printf_core) refers to uldiv.o(.text) for __aeabi_uldivmod
    printf5.o(i.__0fprintf$5) refers to printf5.o(i._printf_core) for _printf_core
    printf5.o(i.__0fprintf$5) refers to retarget.o(i.fputc) for fputc
    printf5.o(i.__0printf$5) refers to printf5.o(i._printf_core) for _printf_core
    printf5.o(i.__0printf$5) refers to retarget.o(i.fputc) for fputc
    printf5.o(i.__0printf$5) refers to retarget.o(.data) for __stdout
    printf5.o(i.__0snprintf$5) refers to printf5.o(i._printf_core) for _printf_core
    printf5.o(i.__0snprintf$5) refers to printf5.o(i._snputc) for _snputc
    printf5.o(i.__0sprintf$5) refers to printf5.o(i._printf_core) for _printf_core
    printf5.o(i.__0sprintf$5) refers to printf5.o(i._sputc) for _sputc
    printf5.o(i.__0vfprintf$5) refers to printf5.o(i._printf_core) for _printf_core
    printf5.o(i.__0vfprintf$5) refers to retarget.o(i.fputc) for fputc
    printf5.o(i.__0vprintf$5) refers to printf5.o(i._printf_core) for _printf_core
    printf5.o(i.__0vprintf$5) refers to retarget.o(i.fputc) for fputc
    printf5.o(i.__0vprintf$5) refers to retarget.o(.data) for __stdout
    printf5.o(i.__0vsnprintf$5) refers to printf5.o(i._printf_core) for _printf_core
    printf5.o(i.__0vsnprintf$5) refers to printf5.o(i._snputc) for _snputc
    printf5.o(i.__0vsprintf$5) refers to printf5.o(i._printf_core) for _printf_core
    printf5.o(i.__0vsprintf$5) refers to printf5.o(i._sputc) for _sputc
    printf5.o(i._printf_core) refers to uldiv.o(.text) for __aeabi_uldivmod
    printf6.o(i.__0fprintf$6) refers to printf6.o(i._printf_core) for _printf_core
    printf6.o(i.__0fprintf$6) refers to retarget.o(i.fputc) for fputc
    printf6.o(i.__0printf$6) refers to printf6.o(i._printf_core) for _printf_core
    printf6.o(i.__0printf$6) refers to retarget.o(i.fputc) for fputc
    printf6.o(i.__0printf$6) refers to retarget.o(.data) for __stdout
    printf6.o(i.__0snprintf$6) refers to printf6.o(i._printf_core) for _printf_core
    printf6.o(i.__0snprintf$6) refers to printf6.o(i._snputc) for _snputc
    printf6.o(i.__0sprintf$6) refers to printf6.o(i._printf_core) for _printf_core
    printf6.o(i.__0sprintf$6) refers to printf6.o(i._sputc) for _sputc
    printf6.o(i.__0vfprintf$6) refers to printf6.o(i._printf_core) for _printf_core
    printf6.o(i.__0vfprintf$6) refers to retarget.o(i.fputc) for fputc
    printf6.o(i.__0vprintf$6) refers to printf6.o(i._printf_core) for _printf_core
    printf6.o(i.__0vprintf$6) refers to retarget.o(i.fputc) for fputc
    printf6.o(i.__0vprintf$6) refers to retarget.o(.data) for __stdout
    printf6.o(i.__0vsnprintf$6) refers to printf6.o(i._printf_core) for _printf_core
    printf6.o(i.__0vsnprintf$6) refers to printf6.o(i._snputc) for _snputc
    printf6.o(i.__0vsprintf$6) refers to printf6.o(i._printf_core) for _printf_core
    printf6.o(i.__0vsprintf$6) refers to printf6.o(i._sputc) for _sputc
    printf6.o(i._printf_core) refers to printf6.o(i._printf_pre_padding) for _printf_pre_padding
    printf6.o(i._printf_core) refers to printf6.o(i._printf_post_padding) for _printf_post_padding
    printf6.o(i._printf_core) refers to uidiv.o(.text) for __aeabi_uidivmod
    printf7.o(i.__0fprintf$7) refers to printf7.o(i._printf_core) for _printf_core
    printf7.o(i.__0fprintf$7) refers to retarget.o(i.fputc) for fputc
    printf7.o(i.__0printf$7) refers to printf7.o(i._printf_core) for _printf_core
    printf7.o(i.__0printf$7) refers to retarget.o(i.fputc) for fputc
    printf7.o(i.__0printf$7) refers to retarget.o(.data) for __stdout
    printf7.o(i.__0snprintf$7) refers to printf7.o(i._printf_core) for _printf_core
    printf7.o(i.__0snprintf$7) refers to printf7.o(i._snputc) for _snputc
    printf7.o(i.__0sprintf$7) refers to printf7.o(i._printf_core) for _printf_core
    printf7.o(i.__0sprintf$7) refers to printf7.o(i._sputc) for _sputc
    printf7.o(i.__0vfprintf$7) refers to printf7.o(i._printf_core) for _printf_core
    printf7.o(i.__0vfprintf$7) refers to retarget.o(i.fputc) for fputc
    printf7.o(i.__0vprintf$7) refers to printf7.o(i._printf_core) for _printf_core
    printf7.o(i.__0vprintf$7) refers to retarget.o(i.fputc) for fputc
    printf7.o(i.__0vprintf$7) refers to retarget.o(.data) for __stdout
    printf7.o(i.__0vsnprintf$7) refers to printf7.o(i._printf_core) for _printf_core
    printf7.o(i.__0vsnprintf$7) refers to printf7.o(i._snputc) for _snputc
    printf7.o(i.__0vsprintf$7) refers to printf7.o(i._printf_core) for _printf_core
    printf7.o(i.__0vsprintf$7) refers to printf7.o(i._sputc) for _sputc
    printf7.o(i._printf_core) refers to printf7.o(i._printf_pre_padding) for _printf_pre_padding
    printf7.o(i._printf_core) refers to printf7.o(i._printf_post_padding) for _printf_post_padding
    printf7.o(i._printf_core) refers to uldiv.o(.text) for __aeabi_uldivmod
    printf8.o(i.__0fprintf$8) refers to printf8.o(i._printf_core) for _printf_core
    printf8.o(i.__0fprintf$8) refers to retarget.o(i.fputc) for fputc
    printf8.o(i.__0printf$8) refers to printf8.o(i._printf_core) for _printf_core
    printf8.o(i.__0printf$8) refers to retarget.o(i.fputc) for fputc
    printf8.o(i.__0printf$8) refers to retarget.o(.data) for __stdout
    printf8.o(i.__0snprintf$8) refers to printf8.o(i._printf_core) for _printf_core
    printf8.o(i.__0snprintf$8) refers to printf8.o(i._snputc) for _snputc
    printf8.o(i.__0sprintf$8) refers to printf8.o(i._printf_core) for _printf_core
    printf8.o(i.__0sprintf$8) refers to printf8.o(i._sputc) for _sputc
    printf8.o(i.__0vfprintf$8) refers to printf8.o(i._printf_core) for _printf_core
    printf8.o(i.__0vfprintf$8) refers to retarget.o(i.fputc) for fputc
    printf8.o(i.__0vprintf$8) refers to printf8.o(i._printf_core) for _printf_core
    printf8.o(i.__0vprintf$8) refers to retarget.o(i.fputc) for fputc
    printf8.o(i.__0vprintf$8) refers to retarget.o(.data) for __stdout
    printf8.o(i.__0vsnprintf$8) refers to printf8.o(i._printf_core) for _printf_core
    printf8.o(i.__0vsnprintf$8) refers to printf8.o(i._snputc) for _snputc
    printf8.o(i.__0vsprintf$8) refers to printf8.o(i._printf_core) for _printf_core
    printf8.o(i.__0vsprintf$8) refers to printf8.o(i._sputc) for _sputc
    printf8.o(i._printf_core) refers to printf8.o(i._printf_pre_padding) for _printf_pre_padding
    printf8.o(i._printf_core) refers to printf8.o(i._printf_post_padding) for _printf_post_padding
    printf8.o(i._printf_core) refers to uldiv.o(.text) for __aeabi_uldivmod
    printfa.o(i.__0fprintf) refers (Special) to iusefp.o(.text) for __I$use$fp
    printfa.o(i.__0fprintf) refers to printfa.o(i._printf_core) for _printf_core
    printfa.o(i.__0fprintf) refers to retarget.o(i.fputc) for fputc
    printfa.o(i.__0printf) refers (Special) to iusefp.o(.text) for __I$use$fp
    printfa.o(i.__0printf) refers to printfa.o(i._printf_core) for _printf_core
    printfa.o(i.__0printf) refers to retarget.o(i.fputc) for fputc
    printfa.o(i.__0printf) refers to retarget.o(.data) for __stdout
    printfa.o(i.__0snprintf) refers (Special) to iusefp.o(.text) for __I$use$fp
    printfa.o(i.__0snprintf) refers to printfa.o(i._printf_core) for _printf_core
    printfa.o(i.__0snprintf) refers to printfa.o(i._snputc) for _snputc
    printfa.o(i.__0sprintf) refers (Special) to iusefp.o(.text) for __I$use$fp
    printfa.o(i.__0sprintf) refers to printfa.o(i._printf_core) for _printf_core
    printfa.o(i.__0sprintf) refers to printfa.o(i._sputc) for _sputc
    printfa.o(i.__0vfprintf) refers (Special) to iusefp.o(.text) for __I$use$fp
    printfa.o(i.__0vfprintf) refers to printfa.o(i._printf_core) for _printf_core
    printfa.o(i.__0vfprintf) refers to retarget.o(i.fputc) for fputc
    printfa.o(i.__0vprintf) refers (Special) to iusefp.o(.text) for __I$use$fp
    printfa.o(i.__0vprintf) refers to printfa.o(i._printf_core) for _printf_core
    printfa.o(i.__0vprintf) refers to retarget.o(i.fputc) for fputc
    printfa.o(i.__0vprintf) refers to retarget.o(.data) for __stdout
    printfa.o(i.__0vsnprintf) refers (Special) to iusefp.o(.text) for __I$use$fp
    printfa.o(i.__0vsnprintf) refers to printfa.o(i._printf_core) for _printf_core
    printfa.o(i.__0vsnprintf) refers to printfa.o(i._snputc) for _snputc
    printfa.o(i.__0vsprintf) refers (Special) to iusefp.o(.text) for __I$use$fp
    printfa.o(i.__0vsprintf) refers to printfa.o(i._printf_core) for _printf_core
    printfa.o(i.__0vsprintf) refers to printfa.o(i._sputc) for _sputc
    printfa.o(i._fp_digits) refers (Special) to iusefp.o(.text) for __I$use$fp
    printfa.o(i._fp_digits) refers to dmul.o(.text) for __aeabi_dmul
    printfa.o(i._fp_digits) refers to ddiv.o(.text) for __aeabi_ddiv
    printfa.o(i._fp_digits) refers to cdrcmple.o(.text) for __aeabi_cdrcmple
    printfa.o(i._fp_digits) refers to dadd.o(.text) for __aeabi_dadd
    printfa.o(i._fp_digits) refers to dfixul.o(.text) for __aeabi_d2ulz
    printfa.o(i._fp_digits) refers to uldiv.o(.text) for __aeabi_uldivmod
    printfa.o(i._printf_core) refers (Special) to iusefp.o(.text) for __I$use$fp
    printfa.o(i._printf_core) refers to printfa.o(i._printf_pre_padding) for _printf_pre_padding
    printfa.o(i._printf_core) refers to uldiv.o(.text) for __aeabi_uldivmod
    printfa.o(i._printf_core) refers to printfa.o(i._printf_post_padding) for _printf_post_padding
    printfa.o(i._printf_core) refers to printfa.o(i._fp_digits) for _fp_digits
    printfa.o(i._printf_core) refers to uidiv.o(.text) for __aeabi_uidivmod
    printfa.o(i._printf_post_padding) refers (Special) to iusefp.o(.text) for __I$use$fp
    printfa.o(i._printf_pre_padding) refers (Special) to iusefp.o(.text) for __I$use$fp
    printfa.o(i._snputc) refers (Special) to iusefp.o(.text) for __I$use$fp
    printfa.o(i._sputc) refers (Special) to iusefp.o(.text) for __I$use$fp
    entry2.o(.ARM.Collect$$$$00000001) refers to entry2.o(.ARM.Collect$$$$00002712) for __lit__00000000
    entry2.o(.ARM.Collect$$$$00002712) refers to startup_ft32f030x8.o(STACK) for __initial_sp
    entry2.o(__vectab_stack_and_reset_area) refers to startup_ft32f030x8.o(STACK) for __initial_sp
    entry2.o(__vectab_stack_and_reset_area) refers to entry.o(.ARM.Collect$$$$00000000) for __main
    entry5.o(.ARM.Collect$$$$00000004) refers to init.o(.text) for __scatterload
    entry9a.o(.ARM.Collect$$$$0000000B) refers to main.o(i.main) for main
    entry9b.o(.ARM.Collect$$$$0000000C) refers to main.o(i.main) for main
    uldiv.o(.text) refers to llushr.o(.text) for __aeabi_llsr
    uldiv.o(.text) refers to llshl.o(.text) for __aeabi_llsl
    dadd.o(.text) refers to llshl.o(.text) for __aeabi_llsl
    dadd.o(.text) refers to llsshr.o(.text) for __aeabi_lasr
    dadd.o(.text) refers to depilogue.o(.text) for _double_epilogue
    dmul.o(.text) refers to depilogue.o(.text) for _double_epilogue
    ddiv.o(.text) refers to depilogue.o(.text) for _double_round
    dfixul.o(.text) refers to llushr.o(.text) for __aeabi_llsr
    dfixul.o(.text) refers to llshl.o(.text) for __aeabi_llsl
    init.o(.text) refers to entry5.o(.ARM.Collect$$$$00000004) for __main_after_scatterload
    depilogue.o(.text) refers to depilogue.o(i.__ARM_clz) for __ARM_clz
    depilogue.o(.text) refers to llshl.o(.text) for __aeabi_llsl
    depilogue.o(.text) refers to llushr.o(.text) for __aeabi_llsr


==============================================================================

Removing Unused input sections from the image.

    Removing startup_ft32f030x8.o(HEAP), (512 bytes).
    Removing system_ft32f0xx.o(.rev16_text), (4 bytes).
    Removing system_ft32f0xx.o(.revsh_text), (4 bytes).
    Removing system_ft32f0xx.o(i.SystemCoreClockUpdate), (176 bytes).
    Removing system_ft32f0xx.o(.data), (20 bytes).
    Removing main.o(.rev16_text), (4 bytes).
    Removing main.o(.revsh_text), (4 bytes).
    Removing ft32f0xx_it.o(.rev16_text), (4 bytes).
    Removing ft32f0xx_it.o(.revsh_text), (4 bytes).
    Removing tft_lcd_handler.o(.rev16_text), (4 bytes).
    Removing tft_lcd_handler.o(.revsh_text), (4 bytes).
    Removing ft32f0xx_adc.o(.rev16_text), (4 bytes).
    Removing ft32f0xx_adc.o(.revsh_text), (4 bytes).
    Removing ft32f0xx_adc.o(i.ADC_AnalogWatchdogCmd), (28 bytes).
    Removing ft32f0xx_adc.o(i.ADC_AnalogWatchdogSingleChannelCmd), (28 bytes).
    Removing ft32f0xx_adc.o(i.ADC_AnalogWatchdogSingleChannelConfig), (28 bytes).
    Removing ft32f0xx_adc.o(i.ADC_AnalogWatchdogThresholdsConfig), (8 bytes).
    Removing ft32f0xx_adc.o(i.ADC_AutoPowerOffCmd), (28 bytes).
    Removing ft32f0xx_adc.o(i.ADC_ChannelConfig), (20 bytes).
    Removing ft32f0xx_adc.o(i.ADC_ClearFlag), (4 bytes).
    Removing ft32f0xx_adc.o(i.ADC_ClearITPendingBit), (4 bytes).
    Removing ft32f0xx_adc.o(i.ADC_ClockModeConfig), (4 bytes).
    Removing ft32f0xx_adc.o(i.ADC_Cmd), (24 bytes).
    Removing ft32f0xx_adc.o(i.ADC_ContinuousModeCmd), (28 bytes).
    Removing ft32f0xx_adc.o(i.ADC_DMACmd), (24 bytes).
    Removing ft32f0xx_adc.o(i.ADC_DMARequestModeConfig), (16 bytes).
    Removing ft32f0xx_adc.o(i.ADC_DeInit), (32 bytes).
    Removing ft32f0xx_adc.o(i.ADC_DiscModeCmd), (28 bytes).
    Removing ft32f0xx_adc.o(i.ADC_GetCalibrationFactor), (60 bytes).
    Removing ft32f0xx_adc.o(i.ADC_GetConversionValue), (8 bytes).
    Removing ft32f0xx_adc.o(i.ADC_GetFlagStatus), (48 bytes).
    Removing ft32f0xx_adc.o(i.ADC_GetITStatus), (34 bytes).
    Removing ft32f0xx_adc.o(i.ADC_ITConfig), (20 bytes).
    Removing ft32f0xx_adc.o(i.ADC_Init), (44 bytes).
    Removing ft32f0xx_adc.o(i.ADC_JitterCmd), (20 bytes).
    Removing ft32f0xx_adc.o(i.ADC_OverrunModeCmd), (28 bytes).
    Removing ft32f0xx_adc.o(i.ADC_StartOfConversion), (10 bytes).
    Removing ft32f0xx_adc.o(i.ADC_StopOfConversion), (10 bytes).
    Removing ft32f0xx_adc.o(i.ADC_StructInit), (16 bytes).
    Removing ft32f0xx_adc.o(i.ADC_TempSensorCmd), (40 bytes).
    Removing ft32f0xx_adc.o(i.ADC_VbatCmd), (40 bytes).
    Removing ft32f0xx_adc.o(i.ADC_VrefintCmd), (40 bytes).
    Removing ft32f0xx_adc.o(i.ADC_VrefselConfig), (36 bytes).
    Removing ft32f0xx_adc.o(i.ADC_WaitModeCmd), (28 bytes).
    Removing ft32f0xx_crc.o(.rev16_text), (4 bytes).
    Removing ft32f0xx_crc.o(.revsh_text), (4 bytes).
    Removing ft32f0xx_crc.o(i.CRC_CalcBlockCRC), (36 bytes).
    Removing ft32f0xx_crc.o(i.CRC_CalcCRC), (16 bytes).
    Removing ft32f0xx_crc.o(i.CRC_CalcCRC16bits), (16 bytes).
    Removing ft32f0xx_crc.o(i.CRC_CalcCRC8bits), (16 bytes).
    Removing ft32f0xx_crc.o(i.CRC_DeInit), (28 bytes).
    Removing ft32f0xx_crc.o(i.CRC_GetCRC), (12 bytes).
    Removing ft32f0xx_crc.o(i.CRC_GetIDRegister), (12 bytes).
    Removing ft32f0xx_crc.o(i.CRC_ResetDR), (20 bytes).
    Removing ft32f0xx_crc.o(i.CRC_ReverseInputDataSelect), (32 bytes).
    Removing ft32f0xx_crc.o(i.CRC_ReverseOutputDataCmd), (36 bytes).
    Removing ft32f0xx_crc.o(i.CRC_SetIDRegister), (12 bytes).
    Removing ft32f0xx_crc.o(i.CRC_SetInitRegister), (12 bytes).
    Removing ft32f0xx_crc.o(i.CRC_SetPolynomial), (2 bytes).
    Removing ft32f0xx_crs.o(.rev16_text), (4 bytes).
    Removing ft32f0xx_crs.o(.revsh_text), (4 bytes).
    Removing ft32f0xx_crs.o(i.CRS_AdjustHSI48CalibrationValue), (32 bytes).
    Removing ft32f0xx_crs.o(i.CRS_AutomaticCalibrationCmd), (36 bytes).
    Removing ft32f0xx_crs.o(i.CRS_ClearFlag), (40 bytes).
    Removing ft32f0xx_crs.o(i.CRS_ClearITPendingBit), (40 bytes).
    Removing ft32f0xx_crs.o(i.CRS_DeInit), (22 bytes).
    Removing ft32f0xx_crs.o(i.CRS_FrequencyErrorCounterCmd), (36 bytes).
    Removing ft32f0xx_crs.o(i.CRS_FrequencyErrorCounterReload), (28 bytes).
    Removing ft32f0xx_crs.o(i.CRS_FrequencyErrorLimitConfig), (32 bytes).
    Removing ft32f0xx_crs.o(i.CRS_GetFlagStatus), (16 bytes).
    Removing ft32f0xx_crs.o(i.CRS_GetFrequencyErrorDirection), (16 bytes).
    Removing ft32f0xx_crs.o(i.CRS_GetFrequencyErrorValue), (16 bytes).
    Removing ft32f0xx_crs.o(i.CRS_GetHSI48CalibrationValue), (20 bytes).
    Removing ft32f0xx_crs.o(i.CRS_GetITStatus), (16 bytes).
    Removing ft32f0xx_crs.o(i.CRS_GetReloadValue), (12 bytes).
    Removing ft32f0xx_crs.o(i.CRS_ITConfig), (32 bytes).
    Removing ft32f0xx_crs.o(i.CRS_SoftwareSynchronizationGenerate), (20 bytes).
    Removing ft32f0xx_crs.o(i.CRS_SynchronizationPolarityConfig), (28 bytes).
    Removing ft32f0xx_crs.o(i.CRS_SynchronizationPrescalerConfig), (28 bytes).
    Removing ft32f0xx_crs.o(i.CRS_SynchronizationSourceConfig), (28 bytes).
    Removing ft32f0xx_dbgmcu.o(.rev16_text), (4 bytes).
    Removing ft32f0xx_dbgmcu.o(.revsh_text), (4 bytes).
    Removing ft32f0xx_dbgmcu.o(i.DBGMCU_APB1PeriphConfig), (32 bytes).
    Removing ft32f0xx_dbgmcu.o(i.DBGMCU_APB2PeriphConfig), (32 bytes).
    Removing ft32f0xx_dbgmcu.o(i.DBGMCU_Config), (32 bytes).
    Removing ft32f0xx_dbgmcu.o(i.DBGMCU_GetDEVID), (16 bytes).
    Removing ft32f0xx_dbgmcu.o(i.DBGMCU_GetREVID), (12 bytes).
    Removing ft32f0xx_exti.o(.rev16_text), (4 bytes).
    Removing ft32f0xx_exti.o(.revsh_text), (4 bytes).
    Removing ft32f0xx_exti.o(i.EXTI_ClearFlag), (12 bytes).
    Removing ft32f0xx_exti.o(i.EXTI_DeInit), (32 bytes).
    Removing ft32f0xx_exti.o(i.EXTI_GenerateSWInterrupt), (16 bytes).
    Removing ft32f0xx_exti.o(i.EXTI_GetFlagStatus), (28 bytes).
    Removing ft32f0xx_exti.o(i.EXTI_Init), (136 bytes).
    Removing ft32f0xx_exti.o(i.EXTI_StructInit), (16 bytes).
    Removing ft32f0xx_flash.o(.rev16_text), (4 bytes).
    Removing ft32f0xx_flash.o(.revsh_text), (4 bytes).
    Removing ft32f0xx_flash.o(i.FLASH_ClearFlag), (12 bytes).
    Removing ft32f0xx_flash.o(i.FLASH_EraseAllPages), (88 bytes).
    Removing ft32f0xx_flash.o(i.FLASH_ErasePage), (92 bytes).
    Removing ft32f0xx_flash.o(i.FLASH_GetFlagStatus), (28 bytes).
    Removing ft32f0xx_flash.o(i.FLASH_GetPrefetchBufferStatus), (28 bytes).
    Removing ft32f0xx_flash.o(i.FLASH_GetStatus), (60 bytes).
    Removing ft32f0xx_flash.o(i.FLASH_ITConfig), (32 bytes).
    Removing ft32f0xx_flash.o(i.FLASH_Lock), (20 bytes).
    Removing ft32f0xx_flash.o(i.FLASH_OB_BOOTConfig), (176 bytes).
    Removing ft32f0xx_flash.o(i.FLASH_OB_EnableWRP), (212 bytes).
    Removing ft32f0xx_flash.o(i.FLASH_OB_Erase), (172 bytes).
    Removing ft32f0xx_flash.o(i.FLASH_OB_GetRDP), (28 bytes).
    Removing ft32f0xx_flash.o(i.FLASH_OB_GetUser), (16 bytes).
    Removing ft32f0xx_flash.o(i.FLASH_OB_GetWRP), (12 bytes).
    Removing ft32f0xx_flash.o(i.FLASH_OB_Launch), (20 bytes).
    Removing ft32f0xx_flash.o(i.FLASH_OB_Lock), (20 bytes).
    Removing ft32f0xx_flash.o(i.FLASH_OB_ProgramData), (72 bytes).
    Removing ft32f0xx_flash.o(i.FLASH_OB_RDPConfig), (172 bytes).
    Removing ft32f0xx_flash.o(i.FLASH_OB_SRAMParityConfig), (176 bytes).
    Removing ft32f0xx_flash.o(i.FLASH_OB_Unlock), (40 bytes).
    Removing ft32f0xx_flash.o(i.FLASH_OB_UserConfig), (188 bytes).
    Removing ft32f0xx_flash.o(i.FLASH_OB_VDDAConfig), (176 bytes).
    Removing ft32f0xx_flash.o(i.FLASH_OB_WriteUser), (168 bytes).
    Removing ft32f0xx_flash.o(i.FLASH_PrefetchBufferCmd), (36 bytes).
    Removing ft32f0xx_flash.o(i.FLASH_ProgramWord), (84 bytes).
    Removing ft32f0xx_flash.o(i.FLASH_SetLatency), (28 bytes).
    Removing ft32f0xx_flash.o(i.FLASH_Unlock), (36 bytes).
    Removing ft32f0xx_flash.o(i.FLASH_WaitForLastOperation), (40 bytes).
    Removing ft32f0xx_gpio.o(.rev16_text), (4 bytes).
    Removing ft32f0xx_gpio.o(.revsh_text), (4 bytes).
    Removing ft32f0xx_gpio.o(i.GPIO_DeInit), (148 bytes).
    Removing ft32f0xx_gpio.o(i.GPIO_LedmConfig), (8 bytes).
    Removing ft32f0xx_gpio.o(i.GPIO_PinAFConfig), (68 bytes).
    Removing ft32f0xx_gpio.o(i.GPIO_PinLockConfig), (34 bytes).
    Removing ft32f0xx_gpio.o(i.GPIO_ReadInputData), (6 bytes).
    Removing ft32f0xx_gpio.o(i.GPIO_ReadInputDataBit), (20 bytes).
    Removing ft32f0xx_gpio.o(i.GPIO_ReadOutputData), (6 bytes).
    Removing ft32f0xx_gpio.o(i.GPIO_ReadOutputDataBit), (20 bytes).
    Removing ft32f0xx_gpio.o(i.GPIO_ResetBits), (4 bytes).
    Removing ft32f0xx_gpio.o(i.GPIO_SetBits), (4 bytes).
    Removing ft32f0xx_gpio.o(i.GPIO_StructInit), (24 bytes).
    Removing ft32f0xx_gpio.o(i.GPIO_Write), (4 bytes).
    Removing ft32f0xx_gpio.o(i.GPIO_WriteBit), (12 bytes).
    Removing ft32f0xx_i2c.o(.rev16_text), (4 bytes).
    Removing ft32f0xx_i2c.o(.revsh_text), (4 bytes).
    Removing ft32f0xx_i2c.o(i.I2C_10BitAddressHeaderCmd), (28 bytes).
    Removing ft32f0xx_i2c.o(i.I2C_10BitAddressingModeCmd), (28 bytes).
    Removing ft32f0xx_i2c.o(i.I2C_AcknowledgeConfig), (28 bytes).
    Removing ft32f0xx_i2c.o(i.I2C_AutoEndCmd), (28 bytes).
    Removing ft32f0xx_i2c.o(i.I2C_CalculatePEC), (28 bytes).
    Removing ft32f0xx_i2c.o(i.I2C_ClearFlag), (4 bytes).
    Removing ft32f0xx_i2c.o(i.I2C_ClearITPendingBit), (4 bytes).
    Removing ft32f0xx_i2c.o(i.I2C_ClockTimeoutCmd), (28 bytes).
    Removing ft32f0xx_i2c.o(i.I2C_Cmd), (24 bytes).
    Removing ft32f0xx_i2c.o(i.I2C_DMACmd), (20 bytes).
    Removing ft32f0xx_i2c.o(i.I2C_DeInit), (56 bytes).
    Removing ft32f0xx_i2c.o(i.I2C_DualAddressCmd), (28 bytes).
    Removing ft32f0xx_i2c.o(i.I2C_ExtendedClockTimeoutCmd), (26 bytes).
    Removing ft32f0xx_i2c.o(i.I2C_GeneralCallCmd), (28 bytes).
    Removing ft32f0xx_i2c.o(i.I2C_GenerateSTART), (28 bytes).
    Removing ft32f0xx_i2c.o(i.I2C_GenerateSTOP), (28 bytes).
    Removing ft32f0xx_i2c.o(i.I2C_GetAddressMatched), (14 bytes).
    Removing ft32f0xx_i2c.o(i.I2C_GetFlagStatus), (28 bytes).
    Removing ft32f0xx_i2c.o(i.I2C_GetITStatus), (78 bytes).
    Removing ft32f0xx_i2c.o(i.I2C_GetPEC), (8 bytes).
    Removing ft32f0xx_i2c.o(i.I2C_GetTransferDirection), (30 bytes).
    Removing ft32f0xx_i2c.o(i.I2C_ITConfig), (20 bytes).
    Removing ft32f0xx_i2c.o(i.I2C_IdleClockTimeoutCmd), (28 bytes).
    Removing ft32f0xx_i2c.o(i.I2C_Init), (108 bytes).
    Removing ft32f0xx_i2c.o(i.I2C_MasterRequestConfig), (28 bytes).
    Removing ft32f0xx_i2c.o(i.I2C_NumberOfBytesConfig), (28 bytes).
    Removing ft32f0xx_i2c.o(i.I2C_OwnAddress2Config), (36 bytes).
    Removing ft32f0xx_i2c.o(i.I2C_PECRequestCmd), (28 bytes).
    Removing ft32f0xx_i2c.o(i.I2C_ReadRegister), (22 bytes).
    Removing ft32f0xx_i2c.o(i.I2C_ReceiveData), (8 bytes).
    Removing ft32f0xx_i2c.o(i.I2C_ReloadCmd), (28 bytes).
    Removing ft32f0xx_i2c.o(i.I2C_SMBusAlertCmd), (28 bytes).
    Removing ft32f0xx_i2c.o(i.I2C_SendData), (4 bytes).
    Removing ft32f0xx_i2c.o(i.I2C_SlaveAddressConfig), (20 bytes).
    Removing ft32f0xx_i2c.o(i.I2C_SlaveByteControlCmd), (28 bytes).
    Removing ft32f0xx_i2c.o(i.I2C_SoftwareResetCmd), (20 bytes).
    Removing ft32f0xx_i2c.o(i.I2C_StretchClockCmd), (28 bytes).
    Removing ft32f0xx_i2c.o(i.I2C_StructInit), (24 bytes).
    Removing ft32f0xx_i2c.o(i.I2C_TimeoutAConfig), (20 bytes).
    Removing ft32f0xx_i2c.o(i.I2C_TimeoutBConfig), (32 bytes).
    Removing ft32f0xx_i2c.o(i.I2C_TransferHandling), (44 bytes).
    Removing ft32f0xx_iwdg.o(.rev16_text), (4 bytes).
    Removing ft32f0xx_iwdg.o(.revsh_text), (4 bytes).
    Removing ft32f0xx_iwdg.o(i.IWDG_Enable), (16 bytes).
    Removing ft32f0xx_iwdg.o(i.IWDG_GetFlagStatus), (28 bytes).
    Removing ft32f0xx_iwdg.o(i.IWDG_ReloadCounter), (16 bytes).
    Removing ft32f0xx_iwdg.o(i.IWDG_SetPrescaler), (12 bytes).
    Removing ft32f0xx_iwdg.o(i.IWDG_SetReload), (12 bytes).
    Removing ft32f0xx_iwdg.o(i.IWDG_SetWindowValue), (12 bytes).
    Removing ft32f0xx_iwdg.o(i.IWDG_WriteAccessCmd), (12 bytes).
    Removing ft32f0xx_misc.o(.rev16_text), (4 bytes).
    Removing ft32f0xx_misc.o(.revsh_text), (4 bytes).
    Removing ft32f0xx_misc.o(i.NVIC_Init), (112 bytes).
    Removing ft32f0xx_misc.o(i.NVIC_SystemLPConfig), (32 bytes).
    Removing ft32f0xx_pwr.o(.rev16_text), (4 bytes).
    Removing ft32f0xx_pwr.o(.revsh_text), (4 bytes).
    Removing ft32f0xx_pwr.o(i.PWR_BackupAccessCmd), (40 bytes).
    Removing ft32f0xx_pwr.o(i.PWR_ClearFlag), (20 bytes).
    Removing ft32f0xx_pwr.o(i.PWR_DeInit), (22 bytes).
    Removing ft32f0xx_pwr.o(i.PWR_EnterSTANDBYMode), (36 bytes).
    Removing ft32f0xx_pwr.o(i.PWR_EnterSTOPMode), (100 bytes).
    Removing ft32f0xx_pwr.o(i.PWR_EnterSleepMode), (32 bytes).
    Removing ft32f0xx_pwr.o(i.PWR_GetFlagStatus), (28 bytes).
    Removing ft32f0xx_pwr.o(i.PWR_PVDCmd), (36 bytes).
    Removing ft32f0xx_pwr.o(i.PWR_PVDLevelConfig), (36 bytes).
    Removing ft32f0xx_pwr.o(i.PWR_WakeUpPinCmd), (32 bytes).
    Removing ft32f0xx_rcc.o(.rev16_text), (4 bytes).
    Removing ft32f0xx_rcc.o(.revsh_text), (4 bytes).
    Removing ft32f0xx_rcc.o(i.RCC_ADCCLKConfig), (56 bytes).
    Removing ft32f0xx_rcc.o(i.RCC_AHBPeriphResetCmd), (32 bytes).
    Removing ft32f0xx_rcc.o(i.RCC_APB1PeriphClockCmd), (32 bytes).
    Removing ft32f0xx_rcc.o(i.RCC_APB1PeriphResetCmd), (32 bytes).
    Removing ft32f0xx_rcc.o(i.RCC_APB2PeriphClockCmd), (32 bytes).
    Removing ft32f0xx_rcc.o(i.RCC_APB2PeriphResetCmd), (32 bytes).
    Removing ft32f0xx_rcc.o(i.RCC_AdjustHSI14CalibrationValue), (32 bytes).
    Removing ft32f0xx_rcc.o(i.RCC_AdjustHSICalibrationValue), (32 bytes).
    Removing ft32f0xx_rcc.o(i.RCC_BackupResetCmd), (40 bytes).
    Removing ft32f0xx_rcc.o(i.RCC_ClearFlag), (20 bytes).
    Removing ft32f0xx_rcc.o(i.RCC_ClearITPendingBit), (12 bytes).
    Removing ft32f0xx_rcc.o(i.RCC_ClockSecuritySystemCmd), (40 bytes).
    Removing ft32f0xx_rcc.o(i.RCC_DeInit), (120 bytes).
    Removing ft32f0xx_rcc.o(i.RCC_GetClocksFreq), (388 bytes).
    Removing ft32f0xx_rcc.o(i.RCC_GetFlagStatus), (72 bytes).
    Removing ft32f0xx_rcc.o(i.RCC_GetITStatus), (28 bytes).
    Removing ft32f0xx_rcc.o(i.RCC_GetSYSCLKSource), (16 bytes).
    Removing ft32f0xx_rcc.o(i.RCC_HCLKConfig), (32 bytes).
    Removing ft32f0xx_rcc.o(i.RCC_HSEConfig), (16 bytes).
    Removing ft32f0xx_rcc.o(i.RCC_HSI14ADCRequestCmd), (36 bytes).
    Removing ft32f0xx_rcc.o(i.RCC_HSI14Cmd), (36 bytes).
    Removing ft32f0xx_rcc.o(i.RCC_HSI48Cmd), (40 bytes).
    Removing ft32f0xx_rcc.o(i.RCC_HSICmd), (36 bytes).
    Removing ft32f0xx_rcc.o(i.RCC_I2CCLKConfig), (28 bytes).
    Removing ft32f0xx_rcc.o(i.RCC_ITConfig), (32 bytes).
    Removing ft32f0xx_rcc.o(i.RCC_LSEConfig), (40 bytes).
    Removing ft32f0xx_rcc.o(i.RCC_LSEDriveConfig), (28 bytes).
    Removing ft32f0xx_rcc.o(i.RCC_LSICmd), (36 bytes).
    Removing ft32f0xx_rcc.o(i.RCC_MCOConfig), (28 bytes).
    Removing ft32f0xx_rcc.o(i.RCC_PCLKConfig), (36 bytes).
    Removing ft32f0xx_rcc.o(i.RCC_PLLCmd), (40 bytes).
    Removing ft32f0xx_rcc.o(i.RCC_PLLConfig), (36 bytes).
    Removing ft32f0xx_rcc.o(i.RCC_PREDIV1Config), (28 bytes).
    Removing ft32f0xx_rcc.o(i.RCC_RTCCLKCmd), (40 bytes).
    Removing ft32f0xx_rcc.o(i.RCC_RTCCLKConfig), (16 bytes).
    Removing ft32f0xx_rcc.o(i.RCC_SYSCLKConfig), (28 bytes).
    Removing ft32f0xx_rcc.o(i.RCC_USARTCLKConfig), (36 bytes).
    Removing ft32f0xx_rcc.o(i.RCC_USBCLKConfig), (28 bytes).
    Removing ft32f0xx_rcc.o(i.RCC_WaitForHSEStartUp), (60 bytes).
    Removing ft32f0xx_rcc.o(.data), (16 bytes).
    Removing ft32f0xx_spi.o(.rev16_text), (4 bytes).
    Removing ft32f0xx_spi.o(.revsh_text), (4 bytes).
    Removing ft32f0xx_spi.o(i.SPI_BiDirectionalLineConfig), (32 bytes).
    Removing ft32f0xx_spi.o(i.SPI_CRCLengthConfig), (20 bytes).
    Removing ft32f0xx_spi.o(i.SPI_CalculateCRC), (32 bytes).
    Removing ft32f0xx_spi.o(i.SPI_Cmd), (28 bytes).
    Removing ft32f0xx_spi.o(i.SPI_DataSizeConfig), (24 bytes).
    Removing ft32f0xx_spi.o(i.SPI_GetCRC), (16 bytes).
    Removing ft32f0xx_spi.o(i.SPI_GetCRCPolynomial), (6 bytes).
    Removing ft32f0xx_spi.o(i.SPI_GetReceptionFIFOStatus), (12 bytes).
    Removing ft32f0xx_spi.o(i.SPI_GetTransmissionFIFOStatus), (12 bytes).
    Removing ft32f0xx_spi.o(i.SPI_I2S_ClearFlag), (6 bytes).
    Removing ft32f0xx_spi.o(i.SPI_I2S_DMACmd), (20 bytes).
    Removing ft32f0xx_spi.o(i.SPI_I2S_DeInit), (60 bytes).
    Removing ft32f0xx_spi.o(i.SPI_I2S_GetFlagStatus), (20 bytes).
    Removing ft32f0xx_spi.o(i.SPI_I2S_GetITStatus), (56 bytes).
    Removing ft32f0xx_spi.o(i.SPI_I2S_ITConfig), (34 bytes).
    Removing ft32f0xx_spi.o(i.SPI_I2S_ReceiveData16), (6 bytes).
    Removing ft32f0xx_spi.o(i.SPI_I2S_SendData16), (4 bytes).
    Removing ft32f0xx_spi.o(i.SPI_Init), (80 bytes).
    Removing ft32f0xx_spi.o(i.SPI_LastDMATransferCmd), (20 bytes).
    Removing ft32f0xx_spi.o(i.SPI_NSSInternalSoftwareConfig), (32 bytes).
    Removing ft32f0xx_spi.o(i.SPI_NSSPulseModeCmd), (28 bytes).
    Removing ft32f0xx_spi.o(i.SPI_ReceiveData8), (12 bytes).
    Removing ft32f0xx_spi.o(i.SPI_RxFIFOThresholdConfig), (20 bytes).
    Removing ft32f0xx_spi.o(i.SPI_SSOutputCmd), (28 bytes).
    Removing ft32f0xx_spi.o(i.SPI_SendData8), (10 bytes).
    Removing ft32f0xx_spi.o(i.SPI_StructInit), (30 bytes).
    Removing ft32f0xx_spi.o(i.SPI_TIModeCmd), (28 bytes).
    Removing ft32f0xx_spi.o(i.SPI_TransmitCRC), (12 bytes).
    Removing ft32f0xx_syscfg.o(.rev16_text), (4 bytes).
    Removing ft32f0xx_syscfg.o(.revsh_text), (4 bytes).
    Removing ft32f0xx_syscfg.o(i.SYSCFG_BreakConfig), (16 bytes).
    Removing ft32f0xx_syscfg.o(i.SYSCFG_DMAChannelRemapConfig), (32 bytes).
    Removing ft32f0xx_syscfg.o(i.SYSCFG_DeInit), (40 bytes).
    Removing ft32f0xx_syscfg.o(i.SYSCFG_EXTILineConfig), (64 bytes).
    Removing ft32f0xx_syscfg.o(i.SYSCFG_I2CFastModePlusConfig), (32 bytes).
    Removing ft32f0xx_syscfg.o(i.SYSCFG_IRDAEnvSelection), (28 bytes).
    Removing ft32f0xx_syscfg.o(i.SYSCFG_MemoryRemapConfig), (28 bytes).
    Removing ft32f0xx_tim.o(.rev16_text), (4 bytes).
    Removing ft32f0xx_tim.o(.revsh_text), (4 bytes).
    Removing ft32f0xx_tim.o(i.TI1_Config), (56 bytes).
    Removing ft32f0xx_tim.o(i.TI2_Config), (76 bytes).
    Removing ft32f0xx_tim.o(i.TI3_Config), (72 bytes).
    Removing ft32f0xx_tim.o(i.TI4_Config), (80 bytes).
    Removing ft32f0xx_tim.o(i.TIM_ARRPreloadConfig), (28 bytes).
    Removing ft32f0xx_tim.o(i.TIM_BDTRConfig), (32 bytes).
    Removing ft32f0xx_tim.o(i.TIM_BDTRStructInit), (18 bytes).
    Removing ft32f0xx_tim.o(i.TIM_CCPreloadControl), (28 bytes).
    Removing ft32f0xx_tim.o(i.TIM_CCxCmd), (30 bytes).
    Removing ft32f0xx_tim.o(i.TIM_CCxNCmd), (30 bytes).
    Removing ft32f0xx_tim.o(i.TIM_ClearFlag), (6 bytes).
    Removing ft32f0xx_tim.o(i.TIM_ClearOC1Ref), (24 bytes).
    Removing ft32f0xx_tim.o(i.TIM_ClearOC2Ref), (20 bytes).
    Removing ft32f0xx_tim.o(i.TIM_ClearOC3Ref), (24 bytes).
    Removing ft32f0xx_tim.o(i.TIM_ClearOC4Ref), (20 bytes).
    Removing ft32f0xx_tim.o(i.TIM_Cmd), (28 bytes).
    Removing ft32f0xx_tim.o(i.TIM_CounterModeConfig), (24 bytes).
    Removing ft32f0xx_tim.o(i.TIM_CtrlPWMOutputs), (34 bytes).
    Removing ft32f0xx_tim.o(i.TIM_DMACmd), (20 bytes).
    Removing ft32f0xx_tim.o(i.TIM_DMAConfig), (12 bytes).
    Removing ft32f0xx_tim.o(i.TIM_DeInit), (208 bytes).
    Removing ft32f0xx_tim.o(i.TIM_ETRClockMode1Config), (52 bytes).
    Removing ft32f0xx_tim.o(i.TIM_ETRClockMode2Config), (34 bytes).
    Removing ft32f0xx_tim.o(i.TIM_ETRConfig), (24 bytes).
    Removing ft32f0xx_tim.o(i.TIM_EncoderInterfaceConfig), (68 bytes).
    Removing ft32f0xx_tim.o(i.TIM_ForcedOC1Config), (24 bytes).
    Removing ft32f0xx_tim.o(i.TIM_ForcedOC2Config), (24 bytes).
    Removing ft32f0xx_tim.o(i.TIM_ForcedOC3Config), (24 bytes).
    Removing ft32f0xx_tim.o(i.TIM_ForcedOC4Config), (24 bytes).
    Removing ft32f0xx_tim.o(i.TIM_GenerateEvent), (4 bytes).
    Removing ft32f0xx_tim.o(i.TIM_GetCapture1), (6 bytes).
    Removing ft32f0xx_tim.o(i.TIM_GetCapture2), (6 bytes).
    Removing ft32f0xx_tim.o(i.TIM_GetCapture3), (6 bytes).
    Removing ft32f0xx_tim.o(i.TIM_GetCapture4), (6 bytes).
    Removing ft32f0xx_tim.o(i.TIM_GetCounter), (6 bytes).
    Removing ft32f0xx_tim.o(i.TIM_GetFlagStatus), (20 bytes).
    Removing ft32f0xx_tim.o(i.TIM_GetPrescaler), (6 bytes).
    Removing ft32f0xx_tim.o(i.TIM_ICInit), (112 bytes).
    Removing ft32f0xx_tim.o(i.TIM_ICStructInit), (18 bytes).
    Removing ft32f0xx_tim.o(i.TIM_ITConfig), (20 bytes).
    Removing ft32f0xx_tim.o(i.TIM_ITRxExternalClockConfig), (24 bytes).
    Removing ft32f0xx_tim.o(i.TIM_InternalClockConfig), (16 bytes).
    Removing ft32f0xx_tim.o(i.TIM_OC1FastConfig), (24 bytes).
    Removing ft32f0xx_tim.o(i.TIM_OC1Init), (148 bytes).
    Removing ft32f0xx_tim.o(i.TIM_OC1NPolarityConfig), (24 bytes).
    Removing ft32f0xx_tim.o(i.TIM_OC1PolarityConfig), (24 bytes).
    Removing ft32f0xx_tim.o(i.TIM_OC1PreloadConfig), (24 bytes).
    Removing ft32f0xx_tim.o(i.TIM_OC2FastConfig), (24 bytes).
    Removing ft32f0xx_tim.o(i.TIM_OC2Init), (172 bytes).
    Removing ft32f0xx_tim.o(i.TIM_OC2NPolarityConfig), (24 bytes).
    Removing ft32f0xx_tim.o(i.TIM_OC2PolarityConfig), (24 bytes).
    Removing ft32f0xx_tim.o(i.TIM_OC2PreloadConfig), (24 bytes).
    Removing ft32f0xx_tim.o(i.TIM_OC3FastConfig), (24 bytes).
    Removing ft32f0xx_tim.o(i.TIM_OC3Init), (152 bytes).
    Removing ft32f0xx_tim.o(i.TIM_OC3NPolarityConfig), (24 bytes).
    Removing ft32f0xx_tim.o(i.TIM_OC3PolarityConfig), (24 bytes).
    Removing ft32f0xx_tim.o(i.TIM_OC3PreloadConfig), (24 bytes).
    Removing ft32f0xx_tim.o(i.TIM_OC4FastConfig), (24 bytes).
    Removing ft32f0xx_tim.o(i.TIM_OC4Init), (112 bytes).
    Removing ft32f0xx_tim.o(i.TIM_OC4PolarityConfig), (24 bytes).
    Removing ft32f0xx_tim.o(i.TIM_OC4PreloadConfig), (24 bytes).
    Removing ft32f0xx_tim.o(i.TIM_OCStructInit), (20 bytes).
    Removing ft32f0xx_tim.o(i.TIM_PWMIConfig), (124 bytes).
    Removing ft32f0xx_tim.o(i.TIM_PrescalerConfig), (6 bytes).
    Removing ft32f0xx_tim.o(i.TIM_RemapConfig), (6 bytes).
    Removing ft32f0xx_tim.o(i.TIM_SelectCCDMA), (28 bytes).
    Removing ft32f0xx_tim.o(i.TIM_SelectCOM), (28 bytes).
    Removing ft32f0xx_tim.o(i.TIM_SelectHallSensor), (28 bytes).
    Removing ft32f0xx_tim.o(i.TIM_SelectInputTrigger), (24 bytes).
    Removing ft32f0xx_tim.o(i.TIM_SelectMasterSlaveMode), (20 bytes).
    Removing ft32f0xx_tim.o(i.TIM_SelectOCREFClear), (20 bytes).
    Removing ft32f0xx_tim.o(i.TIM_SelectOCxM), (82 bytes).
    Removing ft32f0xx_tim.o(i.TIM_SelectOnePulseMode), (20 bytes).
    Removing ft32f0xx_tim.o(i.TIM_SelectOutputTrigger), (20 bytes).
    Removing ft32f0xx_tim.o(i.TIM_SelectSlaveMode), (20 bytes).
    Removing ft32f0xx_tim.o(i.TIM_SetAutoreload), (4 bytes).
    Removing ft32f0xx_tim.o(i.TIM_SetClockDivision), (20 bytes).
    Removing ft32f0xx_tim.o(i.TIM_SetCompare1), (4 bytes).
    Removing ft32f0xx_tim.o(i.TIM_SetCompare2), (4 bytes).
    Removing ft32f0xx_tim.o(i.TIM_SetCompare3), (4 bytes).
    Removing ft32f0xx_tim.o(i.TIM_SetCompare4), (4 bytes).
    Removing ft32f0xx_tim.o(i.TIM_SetCounter), (4 bytes).
    Removing ft32f0xx_tim.o(i.TIM_SetIC1Prescaler), (20 bytes).
    Removing ft32f0xx_tim.o(i.TIM_SetIC2Prescaler), (24 bytes).
    Removing ft32f0xx_tim.o(i.TIM_SetIC3Prescaler), (20 bytes).
    Removing ft32f0xx_tim.o(i.TIM_SetIC4Prescaler), (24 bytes).
    Removing ft32f0xx_tim.o(i.TIM_TIxExternalClockConfig), (58 bytes).
    Removing ft32f0xx_tim.o(i.TIM_TimeBaseInit), (124 bytes).
    Removing ft32f0xx_tim.o(i.TIM_TimeBaseStructInit), (18 bytes).
    Removing ft32f0xx_tim.o(i.TIM_UpdateDisableConfig), (28 bytes).
    Removing ft32f0xx_tim.o(i.TIM_UpdateRequestConfig), (28 bytes).
    Removing ft32f0xx_usart.o(.rev16_text), (4 bytes).
    Removing ft32f0xx_usart.o(.revsh_text), (4 bytes).
    Removing ft32f0xx_usart.o(i.USART_AddressDetectionConfig), (16 bytes).
    Removing ft32f0xx_usart.o(i.USART_AutoBaudRateCmd), (28 bytes).
    Removing ft32f0xx_usart.o(i.USART_AutoBaudRateConfig), (18 bytes).
    Removing ft32f0xx_usart.o(i.USART_ClearFlag), (4 bytes).
    Removing ft32f0xx_usart.o(i.USART_ClearITPendingBit), (18 bytes).
    Removing ft32f0xx_usart.o(i.USART_ClockInit), (36 bytes).
    Removing ft32f0xx_usart.o(i.USART_ClockStructInit), (12 bytes).
    Removing ft32f0xx_usart.o(i.USART_Cmd), (24 bytes).
    Removing ft32f0xx_usart.o(i.USART_DECmd), (28 bytes).
    Removing ft32f0xx_usart.o(i.USART_DEPolarityConfig), (18 bytes).
    Removing ft32f0xx_usart.o(i.USART_DMACmd), (20 bytes).
    Removing ft32f0xx_usart.o(i.USART_DMAReceptionErrorConfig), (18 bytes).
    Removing ft32f0xx_usart.o(i.USART_DataInvCmd), (28 bytes).
    Removing ft32f0xx_usart.o(i.USART_DeInit), (64 bytes).
    Removing ft32f0xx_usart.o(i.USART_DirectionModeCmd), (20 bytes).
    Removing ft32f0xx_usart.o(i.USART_GetFlagStatus), (20 bytes).
    Removing ft32f0xx_usart.o(i.USART_GetITStatus), (78 bytes).
    Removing ft32f0xx_usart.o(i.USART_HalfDuplexCmd), (24 bytes).
    Removing ft32f0xx_usart.o(i.USART_ITConfig), (66 bytes).
    Removing ft32f0xx_usart.o(i.USART_Init), (224 bytes).
    Removing ft32f0xx_usart.o(i.USART_InvPinCmd), (20 bytes).
    Removing ft32f0xx_usart.o(i.USART_MSBFirstCmd), (28 bytes).
    Removing ft32f0xx_usart.o(i.USART_MuteModeCmd), (28 bytes).
    Removing ft32f0xx_usart.o(i.USART_MuteModeWakeUpConfig), (18 bytes).
    Removing ft32f0xx_usart.o(i.USART_OneBitMethodCmd), (28 bytes).
    Removing ft32f0xx_usart.o(i.USART_OverSampling8Cmd), (28 bytes).
    Removing ft32f0xx_usart.o(i.USART_OverrunDetectionConfig), (18 bytes).
    Removing ft32f0xx_usart.o(i.USART_ReceiveData), (10 bytes).
    Removing ft32f0xx_usart.o(i.USART_ReceiverTimeOutCmd), (28 bytes).
    Removing ft32f0xx_usart.o(i.USART_RequestCmd), (20 bytes).
    Removing ft32f0xx_usart.o(i.USART_SWAPPinCmd), (28 bytes).
    Removing ft32f0xx_usart.o(i.USART_SendData), (8 bytes).
    Removing ft32f0xx_usart.o(i.USART_SetAddress), (18 bytes).
    Removing ft32f0xx_usart.o(i.USART_SetDEAssertionTime), (20 bytes).
    Removing ft32f0xx_usart.o(i.USART_SetDEDeassertionTime), (20 bytes).
    Removing ft32f0xx_usart.o(i.USART_SetReceiverTimeOut), (16 bytes).
    Removing ft32f0xx_usart.o(i.USART_StructInit), (24 bytes).
    Removing st7789.o(.rev16_text), (4 bytes).
    Removing st7789.o(.revsh_text), (4 bytes).
    Removing ft_gpio.o(.rev16_text), (4 bytes).
    Removing ft_gpio.o(.revsh_text), (4 bytes).
    Removing ft_gpio.o(i.conf_whole_gpios_input), (38 bytes).
    Removing ft_gpio.o(i.conf_whole_gpios_output), (46 bytes).
    Removing ft_gpio.o(i.get_gpio_value), (18 bytes).
    Removing ft_gpio.o(i.get_halt_gpios_value), (16 bytes).
    Removing ft_gpio.o(i.input_shift_to_output), (36 bytes).
    Removing ft_gpio.o(i.output_shift_to_input), (28 bytes).
    Removing ft_gpio.o(i.set_halt_gpios_value), (38 bytes).
    Removing ft_systick.o(.rev16_text), (4 bytes).
    Removing ft_systick.o(.revsh_text), (4 bytes).
    Removing ft_systick.o(i.Delay_ms), (52 bytes).
    Removing ft_systick.o(i.Delay_us), (52 bytes).
    Removing ft_systick.o(i.SysTick_Init), (64 bytes).
    Removing ft_systick.o(i.ft_delay_us), (56 bytes).
    Removing ft_timer.o(.rev16_text), (4 bytes).
    Removing ft_timer.o(.revsh_text), (4 bytes).
    Removing ft_timer.o(i.ft_timer_tick_get), (12 bytes).
    Removing ft_timer.o(i.timer3_init), (108 bytes).
    Removing ft_timer.o(i.timer_handler_register), (12 bytes).
    Removing ft_usart.o(.rev16_text), (4 bytes).
    Removing ft_usart.o(.revsh_text), (4 bytes).
    Removing ft_usart.o(i.ft_uart_init), (160 bytes).
    Removing ft_usart.o(i.ft_uart_put), (68 bytes).
    Removing retarget.o(.rev16_text), (4 bytes).
    Removing retarget.o(.revsh_text), (4 bytes).
    Removing retarget.o(i.fputc), (18 bytes).
    Removing retarget.o(.data), (8 bytes).
    Removing ft_i2c.o(.rev16_text), (4 bytes).
    Removing ft_i2c.o(.revsh_text), (4 bytes).
    Removing ft_i2c.o(i.ft_i2c_delay), (14 bytes).
    Removing ft_i2c.o(i.ft_virt_i2c_init), (124 bytes).
    Removing ft_i2c.o(i.ft_virt_i2c_read_byte), (114 bytes).
    Removing ft_i2c.o(i.ft_virt_i2c_send_byte), (106 bytes).
    Removing ft_i2c.o(i.ft_virt_i2c_set_ack), (72 bytes).
    Removing ft_i2c.o(i.ft_virt_i2c_set_nack), (72 bytes).
    Removing ft_i2c.o(i.ft_virt_i2c_start), (72 bytes).
    Removing ft_i2c.o(i.ft_virt_i2c_stop), (72 bytes).
    Removing ft_i2c.o(i.ft_virt_i2c_wait_ack), (114 bytes).
    Removing ft_i2c.o(.data), (4 bytes).
    Removing ft_exit.o(.rev16_text), (4 bytes).
    Removing ft_exit.o(.revsh_text), (4 bytes).
    Removing ft_exit.o(i.exit_init), (100 bytes).
    Removing ft_exit.o(i.exit_irq_enable_set), (28 bytes).
    Removing ft_exit.o(i.exit_irq_handler_register), (12 bytes).
    Removing ft_adc.o(.rev16_text), (4 bytes).
    Removing ft_adc.o(.revsh_text), (4 bytes).
    Removing ft_adc.o(i.adc_ch_value_get), (48 bytes).
    Removing ft_adc.o(i.ft_adc_init), (144 bytes).
    Removing mid_gpio.o(.rev16_text), (4 bytes).
    Removing mid_gpio.o(.revsh_text), (4 bytes).
    Removing mid_gpio.o(i.gpio_input_get), (32 bytes).
    Removing trace.o(.rev16_text), (4 bytes).
    Removing trace.o(.revsh_text), (4 bytes).
    Removing trace.o(i.trace_dump), (48 bytes).
    Removing trace.o(i.trace_init), (112 bytes).
    Removing mid_delay.o(.rev16_text), (4 bytes).
    Removing mid_delay.o(.revsh_text), (4 bytes).
    Removing mid_delay.o(i.delay_us), (12 bytes).
    Removing mid_systick.o(.rev16_text), (4 bytes).
    Removing mid_systick.o(.revsh_text), (4 bytes).
    Removing mid_adc.o(.rev16_text), (4 bytes).
    Removing mid_adc.o(.revsh_text), (4 bytes).
    Removing mid_adc.o(i.adc_ch_result_get), (12 bytes).
    Removing mid_adc.o(i.adc_init), (8 bytes).
    Removing mid_tftlcd.o(.rev16_text), (4 bytes).
    Removing mid_tftlcd.o(.revsh_text), (4 bytes).
    Removing mid_tftlcd.o(i.LCD_Pow), (26 bytes).
    Removing mid_tftlcd.o(i.LCD_ShowNum), (156 bytes).
    Removing dadd.o(.text), (356 bytes).
    Removing dmul.o(.text), (208 bytes).
    Removing ddiv.o(.text), (240 bytes).
    Removing dfixul.o(.text), (64 bytes).
    Removing cdrcmple.o(.text), (40 bytes).
    Removing depilogue.o(.text), (190 bytes).
    Removing depilogue.o(i.__ARM_clz), (46 bytes).

499 unused section(s) (total 17732 bytes) removed from the image.

==============================================================================

Image Symbol Table

    Local Symbols

    Symbol Name                              Value     Ov Type        Size  Object(Section)

    ../clib/../cmprslib/zerorunl2.c          0x00000000   Number         0  __dczerorl2.o ABSOLUTE
    ../clib/microlib/division.c              0x00000000   Number         0  idiv.o ABSOLUTE
    ../clib/microlib/division.c              0x00000000   Number         0  uidiv.o ABSOLUTE
    ../clib/microlib/division.c              0x00000000   Number         0  uldiv.o ABSOLUTE
    ../clib/microlib/init/entry.s            0x00000000   Number         0  entry.o ABSOLUTE
    ../clib/microlib/init/entry.s            0x00000000   Number         0  entry11a.o ABSOLUTE
    ../clib/microlib/init/entry.s            0x00000000   Number         0  entry11b.o ABSOLUTE
    ../clib/microlib/init/entry.s            0x00000000   Number         0  entry5.o ABSOLUTE
    ../clib/microlib/init/entry.s            0x00000000   Number         0  entry9b.o ABSOLUTE
    ../clib/microlib/init/entry.s            0x00000000   Number         0  entry7a.o ABSOLUTE
    ../clib/microlib/init/entry.s            0x00000000   Number         0  entry7b.o ABSOLUTE
    ../clib/microlib/init/entry.s            0x00000000   Number         0  entry8a.o ABSOLUTE
    ../clib/microlib/init/entry.s            0x00000000   Number         0  entry2.o ABSOLUTE
    ../clib/microlib/init/entry.s            0x00000000   Number         0  entry8b.o ABSOLUTE
    ../clib/microlib/init/entry.s            0x00000000   Number         0  entry9a.o ABSOLUTE
    ../clib/microlib/init/entry.s            0x00000000   Number         0  entry10a.o ABSOLUTE
    ../clib/microlib/init/entry.s            0x00000000   Number         0  entry10b.o ABSOLUTE
    ../clib/microlib/longlong.c              0x00000000   Number         0  llsshr.o ABSOLUTE
    ../clib/microlib/longlong.c              0x00000000   Number         0  llushr.o ABSOLUTE
    ../clib/microlib/longlong.c              0x00000000   Number         0  llshl.o ABSOLUTE
    ../clib/microlib/printf/printf.c         0x00000000   Number         0  printf2.o ABSOLUTE
    ../clib/microlib/printf/printf.c         0x00000000   Number         0  printf1.o ABSOLUTE
    ../clib/microlib/printf/printf.c         0x00000000   Number         0  printfb.o ABSOLUTE
    ../clib/microlib/printf/printf.c         0x00000000   Number         0  printf3.o ABSOLUTE
    ../clib/microlib/printf/printf.c         0x00000000   Number         0  printf4.o ABSOLUTE
    ../clib/microlib/printf/printf.c         0x00000000   Number         0  printf5.o ABSOLUTE
    ../clib/microlib/printf/printf.c         0x00000000   Number         0  printf6.o ABSOLUTE
    ../clib/microlib/printf/printf.c         0x00000000   Number         0  printf7.o ABSOLUTE
    ../clib/microlib/printf/printf.c         0x00000000   Number         0  printf8.o ABSOLUTE
    ../clib/microlib/printf/printf.c         0x00000000   Number         0  printf0.o ABSOLUTE
    ../clib/microlib/printf/printf.c         0x00000000   Number         0  printfa.o ABSOLUTE
    ../clib/microlib/printf/stubs.s          0x00000000   Number         0  stubs.o ABSOLUTE
    ../clib/microlib/string/memcpy.c         0x00000000   Number         0  memcpyb.o ABSOLUTE
    ../clib/microlib/string/memcpy.c         0x00000000   Number         0  memcpya.o ABSOLUTE
    ../clib/microlib/stubs.s                 0x00000000   Number         0  iusefp.o ABSOLUTE
    ../fplib/microlib/fpadd.c                0x00000000   Number         0  dadd.o ABSOLUTE
    ../fplib/microlib/fpdiv.c                0x00000000   Number         0  ddiv.o ABSOLUTE
    ../fplib/microlib/fpepilogue.c           0x00000000   Number         0  depilogue.o ABSOLUTE
    ../fplib/microlib/fpfix.c                0x00000000   Number         0  dfixul.o ABSOLUTE
    ../fplib/microlib/fpmul.c                0x00000000   Number         0  dmul.o ABSOLUTE
    ..\..\..\Libraries\CMSIS\Device\FT\FT32F0xx\Source\Templates\arm\startup_ft32f030x8.s 0x00000000   Number         0  startup_ft32f030x8.o ABSOLUTE
    ..\..\..\Libraries\FT32F0xx_StdPeriph_Driver\src\FT32f0xx_adc.c 0x00000000   Number         0  ft32f0xx_adc.o ABSOLUTE
    ..\..\..\Libraries\FT32F0xx_StdPeriph_Driver\src\FT32f0xx_crc.c 0x00000000   Number         0  ft32f0xx_crc.o ABSOLUTE
    ..\..\..\Libraries\FT32F0xx_StdPeriph_Driver\src\FT32f0xx_crs.c 0x00000000   Number         0  ft32f0xx_crs.o ABSOLUTE
    ..\..\..\Libraries\FT32F0xx_StdPeriph_Driver\src\FT32f0xx_dbgmcu.c 0x00000000   Number         0  ft32f0xx_dbgmcu.o ABSOLUTE
    ..\..\..\Libraries\FT32F0xx_StdPeriph_Driver\src\FT32f0xx_exti.c 0x00000000   Number         0  ft32f0xx_exti.o ABSOLUTE
    ..\..\..\Libraries\FT32F0xx_StdPeriph_Driver\src\FT32f0xx_flash.c 0x00000000   Number         0  ft32f0xx_flash.o ABSOLUTE
    ..\..\..\Libraries\FT32F0xx_StdPeriph_Driver\src\FT32f0xx_gpio.c 0x00000000   Number         0  ft32f0xx_gpio.o ABSOLUTE
    ..\..\..\Libraries\FT32F0xx_StdPeriph_Driver\src\FT32f0xx_i2c.c 0x00000000   Number         0  ft32f0xx_i2c.o ABSOLUTE
    ..\..\..\Libraries\FT32F0xx_StdPeriph_Driver\src\FT32f0xx_iwdg.c 0x00000000   Number         0  ft32f0xx_iwdg.o ABSOLUTE
    ..\..\..\Libraries\FT32F0xx_StdPeriph_Driver\src\FT32f0xx_misc.c 0x00000000   Number         0  ft32f0xx_misc.o ABSOLUTE
    ..\..\..\Libraries\FT32F0xx_StdPeriph_Driver\src\FT32f0xx_pwr.c 0x00000000   Number         0  ft32f0xx_pwr.o ABSOLUTE
    ..\..\..\Libraries\FT32F0xx_StdPeriph_Driver\src\FT32f0xx_rcc.c 0x00000000   Number         0  ft32f0xx_rcc.o ABSOLUTE
    ..\..\..\Libraries\FT32F0xx_StdPeriph_Driver\src\FT32f0xx_spi.c 0x00000000   Number         0  ft32f0xx_spi.o ABSOLUTE
    ..\..\..\Libraries\FT32F0xx_StdPeriph_Driver\src\FT32f0xx_syscfg.c 0x00000000   Number         0  ft32f0xx_syscfg.o ABSOLUTE
    ..\..\..\Libraries\FT32F0xx_StdPeriph_Driver\src\FT32f0xx_tim.c 0x00000000   Number         0  ft32f0xx_tim.o ABSOLUTE
    ..\..\..\Libraries\FT32F0xx_StdPeriph_Driver\src\FT32f0xx_usart.c 0x00000000   Number         0  ft32f0xx_usart.o ABSOLUTE
    ..\..\..\develop_lib\ft_lib\adc\ft_adc.c 0x00000000   Number         0  ft_adc.o ABSOLUTE
    ..\..\..\develop_lib\ft_lib\exit\ft_exit.c 0x00000000   Number         0  ft_exit.o ABSOLUTE
    ..\..\..\develop_lib\ft_lib\gpio\ft_gpio.c 0x00000000   Number         0  ft_gpio.o ABSOLUTE
    ..\..\..\develop_lib\ft_lib\i2c\ft_i2c.c 0x00000000   Number         0  ft_i2c.o ABSOLUTE
    ..\..\..\develop_lib\ft_lib\systick\ft_systick.c 0x00000000   Number         0  ft_systick.o ABSOLUTE
    ..\..\..\develop_lib\ft_lib\timer\ft_timer.c 0x00000000   Number         0  ft_timer.o ABSOLUTE
    ..\..\..\develop_lib\ft_lib\usart\ft_usart.c 0x00000000   Number         0  ft_usart.o ABSOLUTE
    ..\..\..\develop_lib\ft_lib\usart\retarget.c 0x00000000   Number         0  retarget.o ABSOLUTE
    ..\..\..\develop_lib\hardware\st7789\st7789.c 0x00000000   Number         0  st7789.o ABSOLUTE
    ..\..\..\develop_lib\middle_api\adc\mid_adc.c 0x00000000   Number         0  mid_adc.o ABSOLUTE
    ..\..\..\develop_lib\middle_api\delay\mid_delay.c 0x00000000   Number         0  mid_delay.o ABSOLUTE
    ..\..\..\develop_lib\middle_api\mid_gpio\mid_gpio.c 0x00000000   Number         0  mid_gpio.o ABSOLUTE
    ..\..\..\develop_lib\middle_api\mid_systick\mid_systick.c 0x00000000   Number         0  mid_systick.o ABSOLUTE
    ..\..\..\develop_lib\middle_api\mid_tftlcd\mid_tftlcd.c 0x00000000   Number         0  mid_tftlcd.o ABSOLUTE
    ..\..\..\develop_lib\middle_api\trace\trace.c 0x00000000   Number         0  trace.o ABSOLUTE
    ..\\..\\..\\Libraries\\FT32F0xx_StdPeriph_Driver\\src\\FT32f0xx_adc.c 0x00000000   Number         0  ft32f0xx_adc.o ABSOLUTE
    ..\\..\\..\\Libraries\\FT32F0xx_StdPeriph_Driver\\src\\FT32f0xx_crc.c 0x00000000   Number         0  ft32f0xx_crc.o ABSOLUTE
    ..\\..\\..\\Libraries\\FT32F0xx_StdPeriph_Driver\\src\\FT32f0xx_crs.c 0x00000000   Number         0  ft32f0xx_crs.o ABSOLUTE
    ..\\..\\..\\Libraries\\FT32F0xx_StdPeriph_Driver\\src\\FT32f0xx_dbgmcu.c 0x00000000   Number         0  ft32f0xx_dbgmcu.o ABSOLUTE
    ..\\..\\..\\Libraries\\FT32F0xx_StdPeriph_Driver\\src\\FT32f0xx_exti.c 0x00000000   Number         0  ft32f0xx_exti.o ABSOLUTE
    ..\\..\\..\\Libraries\\FT32F0xx_StdPeriph_Driver\\src\\FT32f0xx_flash.c 0x00000000   Number         0  ft32f0xx_flash.o ABSOLUTE
    ..\\..\\..\\Libraries\\FT32F0xx_StdPeriph_Driver\\src\\FT32f0xx_gpio.c 0x00000000   Number         0  ft32f0xx_gpio.o ABSOLUTE
    ..\\..\\..\\Libraries\\FT32F0xx_StdPeriph_Driver\\src\\FT32f0xx_i2c.c 0x00000000   Number         0  ft32f0xx_i2c.o ABSOLUTE
    ..\\..\\..\\Libraries\\FT32F0xx_StdPeriph_Driver\\src\\FT32f0xx_iwdg.c 0x00000000   Number         0  ft32f0xx_iwdg.o ABSOLUTE
    ..\\..\\..\\Libraries\\FT32F0xx_StdPeriph_Driver\\src\\FT32f0xx_misc.c 0x00000000   Number         0  ft32f0xx_misc.o ABSOLUTE
    ..\\..\\..\\Libraries\\FT32F0xx_StdPeriph_Driver\\src\\FT32f0xx_pwr.c 0x00000000   Number         0  ft32f0xx_pwr.o ABSOLUTE
    ..\\..\\..\\Libraries\\FT32F0xx_StdPeriph_Driver\\src\\FT32f0xx_rcc.c 0x00000000   Number         0  ft32f0xx_rcc.o ABSOLUTE
    ..\\..\\..\\Libraries\\FT32F0xx_StdPeriph_Driver\\src\\FT32f0xx_spi.c 0x00000000   Number         0  ft32f0xx_spi.o ABSOLUTE
    ..\\..\\..\\Libraries\\FT32F0xx_StdPeriph_Driver\\src\\FT32f0xx_syscfg.c 0x00000000   Number         0  ft32f0xx_syscfg.o ABSOLUTE
    ..\\..\\..\\Libraries\\FT32F0xx_StdPeriph_Driver\\src\\FT32f0xx_tim.c 0x00000000   Number         0  ft32f0xx_tim.o ABSOLUTE
    ..\\..\\..\\Libraries\\FT32F0xx_StdPeriph_Driver\\src\\FT32f0xx_usart.c 0x00000000   Number         0  ft32f0xx_usart.o ABSOLUTE
    ..\\..\\..\\develop_lib\\ft_lib\\adc\\ft_adc.c 0x00000000   Number         0  ft_adc.o ABSOLUTE
    ..\\..\\..\\develop_lib\\ft_lib\\exit\\ft_exit.c 0x00000000   Number         0  ft_exit.o ABSOLUTE
    ..\\..\\..\\develop_lib\\ft_lib\\gpio\\ft_gpio.c 0x00000000   Number         0  ft_gpio.o ABSOLUTE
    ..\\..\\..\\develop_lib\\ft_lib\\i2c\\ft_i2c.c 0x00000000   Number         0  ft_i2c.o ABSOLUTE
    ..\\..\\..\\develop_lib\\ft_lib\\systick\\ft_systick.c 0x00000000   Number         0  ft_systick.o ABSOLUTE
    ..\\..\\..\\develop_lib\\ft_lib\\timer\\ft_timer.c 0x00000000   Number         0  ft_timer.o ABSOLUTE
    ..\\..\\..\\develop_lib\\ft_lib\\usart\\ft_usart.c 0x00000000   Number         0  ft_usart.o ABSOLUTE
    ..\\..\\..\\develop_lib\\ft_lib\\usart\\retarget.c 0x00000000   Number         0  retarget.o ABSOLUTE
    ..\\..\\..\\develop_lib\\hardware\\st7789\\st7789.c 0x00000000   Number         0  st7789.o ABSOLUTE
    ..\\..\\..\\develop_lib\\middle_api\\adc\\mid_adc.c 0x00000000   Number         0  mid_adc.o ABSOLUTE
    ..\\..\\..\\develop_lib\\middle_api\\delay\\mid_delay.c 0x00000000   Number         0  mid_delay.o ABSOLUTE
    ..\\..\\..\\develop_lib\\middle_api\\mid_gpio\\mid_gpio.c 0x00000000   Number         0  mid_gpio.o ABSOLUTE
    ..\\..\\..\\develop_lib\\middle_api\\mid_systick\\mid_systick.c 0x00000000   Number         0  mid_systick.o ABSOLUTE
    ..\\..\\..\\develop_lib\\middle_api\\mid_tftlcd\\mid_tftlcd.c 0x00000000   Number         0  mid_tftlcd.o ABSOLUTE
    ..\\..\\..\\develop_lib\\middle_api\\trace\\trace.c 0x00000000   Number         0  trace.o ABSOLUTE
    ..\\app\\tft_lcd_handler.c               0x00000000   Number         0  tft_lcd_handler.o ABSOLUTE
    ..\\ft32f0xx_it.c                        0x00000000   Number         0  ft32f0xx_it.o ABSOLUTE
    ..\\main.c                               0x00000000   Number         0  main.o ABSOLUTE
    ..\\system_ft32f0xx.c                    0x00000000   Number         0  system_ft32f0xx.o ABSOLUTE
    ..\app\tft_lcd_handler.c                 0x00000000   Number         0  tft_lcd_handler.o ABSOLUTE
    ..\ft32f0xx_it.c                         0x00000000   Number         0  ft32f0xx_it.o ABSOLUTE
    ..\main.c                                0x00000000   Number         0  main.o ABSOLUTE
    ..\system_ft32f0xx.c                     0x00000000   Number         0  system_ft32f0xx.o ABSOLUTE
    cdrcmple.s                               0x00000000   Number         0  cdrcmple.o ABSOLUTE
    dc.s                                     0x00000000   Number         0  dc.o ABSOLUTE
    handlers.s                               0x00000000   Number         0  handlers.o ABSOLUTE
    init.s                                   0x00000000   Number         0  init.o ABSOLUTE
    RESET                                    0x08000000   Section      192  startup_ft32f030x8.o(RESET)
    .ARM.Collect$$$$00000000                 0x080000c0   Section        0  entry.o(.ARM.Collect$$$$00000000)
    .ARM.Collect$$$$00000001                 0x080000c0   Section        4  entry2.o(.ARM.Collect$$$$00000001)
    .ARM.Collect$$$$00000004                 0x080000c4   Section        4  entry5.o(.ARM.Collect$$$$00000004)
    .ARM.Collect$$$$00000008                 0x080000c8   Section        0  entry7b.o(.ARM.Collect$$$$00000008)
    .ARM.Collect$$$$0000000A                 0x080000c8   Section        0  entry8b.o(.ARM.Collect$$$$0000000A)
    .ARM.Collect$$$$0000000B                 0x080000c8   Section        8  entry9a.o(.ARM.Collect$$$$0000000B)
    .ARM.Collect$$$$0000000D                 0x080000d0   Section        0  entry10a.o(.ARM.Collect$$$$0000000D)
    .ARM.Collect$$$$0000000F                 0x080000d0   Section        0  entry11a.o(.ARM.Collect$$$$0000000F)
    .ARM.Collect$$$$00002712                 0x080000d0   Section        4  entry2.o(.ARM.Collect$$$$00002712)
    __lit__00000000                          0x080000d0   Data           4  entry2.o(.ARM.Collect$$$$00002712)
    .text                                    0x080000d4   Section       88  startup_ft32f030x8.o(.text)
    .text                                    0x0800012c   Section        0  uidiv.o(.text)
    .text                                    0x08000158   Section        0  idiv.o(.text)
    .text                                    0x08000180   Section       36  init.o(.text)
    .text                                    0x080001a4   Section        0  __dczerorl2.o(.text)
    i.Display_Dynamic                        0x080001fc   Section        0  tft_lcd_handler.o(i.Display_Dynamic)
    i.Display_UI1                            0x08000264   Section        0  tft_lcd_handler.o(i.Display_UI1)
    i.EXTI4_15_IRQHandler                    0x0800057c   Section        0  ft_exit.o(i.EXTI4_15_IRQHandler)
    i.EXTI_ClearITPendingBit                 0x080005a8   Section        0  ft32f0xx_exti.o(i.EXTI_ClearITPendingBit)
    i.EXTI_GetITStatus                       0x080005b4   Section        0  ft32f0xx_exti.o(i.EXTI_GetITStatus)
    i.GPIO_Init                              0x080005d0   Section        0  ft32f0xx_gpio.o(i.GPIO_Init)
    i.HardFault_Handler                      0x08000660   Section        0  ft32f0xx_it.o(i.HardFault_Handler)
    i.LCD_Clear                              0x08000662   Section        0  mid_tftlcd.o(i.LCD_Clear)
    i.LCD_DrawLine                           0x080006c0   Section        0  mid_tftlcd.o(i.LCD_DrawLine)
    i.LCD_DrawPoint                          0x08000744   Section        0  mid_tftlcd.o(i.LCD_DrawPoint)
    i.LCD_DrawRectangle                      0x0800076a   Section        0  mid_tftlcd.o(i.LCD_DrawRectangle)
    i.LCD_DrawTriangle                       0x0800080c   Section        0  mid_tftlcd.o(i.LCD_DrawTriangle)
    i.LCD_DrawUnitLine                       0x080008da   Section        0  mid_tftlcd.o(i.LCD_DrawUnitLine)
    i.LCD_Fill                               0x08000992   Section        0  mid_tftlcd.o(i.LCD_Fill)
    i.LCD_FillRectanglePercent               0x08000a06   Section        0  mid_tftlcd.o(i.LCD_FillRectanglePercent)
    i.LCD_FillTriangle                       0x08000a98   Section        0  mid_tftlcd.o(i.LCD_FillTriangle)
    i.LCD_Param_Setting                      0x08000b1a   Section        0  mid_tftlcd.o(i.LCD_Param_Setting)
    i.LCD_SetCursor                          0x08000b92   Section        0  mid_tftlcd.o(i.LCD_SetCursor)
    i.LCD_ShowBMP                            0x08000bd2   Section        0  mid_tftlcd.o(i.LCD_ShowBMP)
    i.LCD_ShowChar                           0x08000c74   Section        0  mid_tftlcd.o(i.LCD_ShowChar)
    i.LCD_ShowString                         0x08000d94   Section        0  mid_tftlcd.o(i.LCD_ShowString)
    i.LCD_WriteRAM                           0x08000dfe   Section        0  mid_tftlcd.o(i.LCD_WriteRAM)
    i.LCD_WriteRAM_Prepare                   0x08000e18   Section        0  mid_tftlcd.o(i.LCD_WriteRAM_Prepare)
    i.NMI_Handler                            0x08000e2a   Section        0  ft32f0xx_it.o(i.NMI_Handler)
    i.NVIC_SetPriority                       0x08000e2c   Section        0  ft_systick.o(i.NVIC_SetPriority)
    NVIC_SetPriority                         0x08000e2d   Thumb Code   110  ft_systick.o(i.NVIC_SetPriority)
    i.PendSV_Handler                         0x08000ea4   Section        0  ft32f0xx_it.o(i.PendSV_Handler)
    i.RCC_AHBPeriphClockCmd                  0x08000ea8   Section        0  ft32f0xx_rcc.o(i.RCC_AHBPeriphClockCmd)
    i.SVC_Handler                            0x08000ec8   Section        0  ft32f0xx_it.o(i.SVC_Handler)
    i.SetSysClock                            0x08000ecc   Section        0  system_ft32f0xx.o(i.SetSysClock)
    SetSysClock                              0x08000ecd   Thumb Code   200  system_ft32f0xx.o(i.SetSysClock)
    i.SysTick_CLKSourceConfig                0x08000f9c   Section        0  ft32f0xx_misc.o(i.SysTick_CLKSourceConfig)
    i.SysTick_Handler                        0x08000fc0   Section        0  ft32f0xx_it.o(i.SysTick_Handler)
    i.SystemInit                             0x08000fc4   Section        0  system_ft32f0xx.o(i.SystemInit)
    i.TIM3_IRQHandler                        0x08001040   Section        0  ft_timer.o(i.TIM3_IRQHandler)
    i.TIM_ClearITPendingBit                  0x08001084   Section        0  ft32f0xx_tim.o(i.TIM_ClearITPendingBit)
    i.TIM_GetITStatus                        0x0800108a   Section        0  ft32f0xx_tim.o(i.TIM_GetITStatus)
    i.__scatterload_copy                     0x080010b0   Section       14  handlers.o(i.__scatterload_copy)
    i.__scatterload_null                     0x080010be   Section        2  handlers.o(i.__scatterload_null)
    i.__scatterload_zeroinit                 0x080010c0   Section       14  handlers.o(i.__scatterload_zeroinit)
    i.conf_gpio_input                        0x080010ce   Section        0  ft_gpio.o(i.conf_gpio_input)
    i.conf_gpio_output                       0x080010f4   Section        0  ft_gpio.o(i.conf_gpio_output)
    i.delay_ms                               0x08001122   Section        0  mid_delay.o(i.delay_ms)
    i.ft_delay_ms                            0x08001130   Section        0  ft_systick.o(i.ft_delay_ms)
    i.ft_systick_init                        0x08001170   Section        0  ft_systick.o(i.ft_systick_init)
    i.gpio_config                            0x080011b0   Section        0  mid_gpio.o(i.gpio_config)
    i.gpio_output_set                        0x080011de   Section        0  mid_gpio.o(i.gpio_output_set)
    i.main                                   0x080011fe   Section        0  main.o(i.main)
    i.mid_system_tick_init                   0x08001212   Section        0  mid_systick.o(i.mid_system_tick_init)
    i.set_gpio_value                         0x0800121a   Section        0  ft_gpio.o(i.set_gpio_value)
    i.st7789_init                            0x08001226   Section        0  st7789.o(i.st7789_init)
    i.st7789_send_byte                       0x080014fc   Section        0  st7789.o(i.st7789_send_byte)
    i.st7789_write_burst_data                0x080015a8   Section        0  st7789.o(i.st7789_write_burst_data)
    i.st7789_write_cmd                       0x0800160a   Section        0  st7789.o(i.st7789_write_cmd)
    i.st7789_write_data                      0x08001654   Section        0  st7789.o(i.st7789_write_data)
    i.tft_lcd_init                           0x080016a0   Section        0  tft_lcd_handler.o(i.tft_lcd_init)
    .constdata                               0x080016b0   Section      172  tft_lcd_handler.o(.constdata)
    .constdata                               0x0800175c   Section     6080  mid_tftlcd.o(.constdata)
    .data                                    0x20000000   Section      300  tft_lcd_handler.o(.data)
    m_st7789_obj                             0x20000000   Data         260  tft_lcd_handler.o(.data)
    m_lcd_obj                                0x20000104   Data          14  tft_lcd_handler.o(.data)
    m_tftlcd_display_obj                     0x20000114   Data          24  tft_lcd_handler.o(.data)
    .data                                    0x2000012c   Section       12  ft_systick.o(.data)
    sysclk                                   0x2000012c   Data           2  ft_systick.o(.data)
    fac_us                                   0x20000130   Data           4  ft_systick.o(.data)
    fac_ms                                   0x20000134   Data           4  ft_systick.o(.data)
    .data                                    0x20000138   Section       18  ft_timer.o(.data)
    m_timer_handler                          0x20000138   Data           4  ft_timer.o(.data)
    m_timer_tick_ms                          0x20000140   Data           8  ft_timer.o(.data)
    prescaler_value                          0x20000148   Data           2  ft_timer.o(.data)
    .data                                    0x2000014c   Section        4  ft_exit.o(.data)
    m_exit_irq_handler                       0x2000014c   Data           4  ft_exit.o(.data)
    STACK                                    0x20000150   Section     1024  startup_ft32f030x8.o(STACK)

    Global Symbols

    Symbol Name                              Value     Ov Type        Size  Object(Section)

    BuildAttributes$$THM_ISAv3M$S$PE$A:L22$X:L11$S22$IEEE1$IW$USESV6$~STKCKD$USESV7$~SHL$OSPACE$ROPI$EBA8$MICROLIB$REQ8$PRES8$EABIv2 0x00000000   Number         0  anon$$obj.o ABSOLUTE
    __ARM_use_no_argv                        0x00000000   Number         0  main.o ABSOLUTE
    _printf_a                                0x00000000   Number         0  stubs.o ABSOLUTE
    _printf_c                                0x00000000   Number         0  stubs.o ABSOLUTE
    _printf_charcount                        0x00000000   Number         0  stubs.o ABSOLUTE
    _printf_d                                0x00000000   Number         0  stubs.o ABSOLUTE
    _printf_e                                0x00000000   Number         0  stubs.o ABSOLUTE
    _printf_f                                0x00000000   Number         0  stubs.o ABSOLUTE
    _printf_flags                            0x00000000   Number         0  stubs.o ABSOLUTE
    _printf_fp_dec                           0x00000000   Number         0  stubs.o ABSOLUTE
    _printf_fp_hex                           0x00000000   Number         0  stubs.o ABSOLUTE
    _printf_g                                0x00000000   Number         0  stubs.o ABSOLUTE
    _printf_i                                0x00000000   Number         0  stubs.o ABSOLUTE
    _printf_int_dec                          0x00000000   Number         0  stubs.o ABSOLUTE
    _printf_l                                0x00000000   Number         0  stubs.o ABSOLUTE
    _printf_lc                               0x00000000   Number         0  stubs.o ABSOLUTE
    _printf_ll                               0x00000000   Number         0  stubs.o ABSOLUTE
    _printf_lld                              0x00000000   Number         0  stubs.o ABSOLUTE
    _printf_lli                              0x00000000   Number         0  stubs.o ABSOLUTE
    _printf_llo                              0x00000000   Number         0  stubs.o ABSOLUTE
    _printf_llu                              0x00000000   Number         0  stubs.o ABSOLUTE
    _printf_llx                              0x00000000   Number         0  stubs.o ABSOLUTE
    _printf_longlong_dec                     0x00000000   Number         0  stubs.o ABSOLUTE
    _printf_longlong_hex                     0x00000000   Number         0  stubs.o ABSOLUTE
    _printf_longlong_oct                     0x00000000   Number         0  stubs.o ABSOLUTE
    _printf_ls                               0x00000000   Number         0  stubs.o ABSOLUTE
    _printf_mbtowc                           0x00000000   Number         0  stubs.o ABSOLUTE
    _printf_n                                0x00000000   Number         0  stubs.o ABSOLUTE
    _printf_o                                0x00000000   Number         0  stubs.o ABSOLUTE
    _printf_p                                0x00000000   Number         0  stubs.o ABSOLUTE
    _printf_percent                          0x00000000   Number         0  stubs.o ABSOLUTE
    _printf_pre_padding                      0x00000000   Number         0  stubs.o ABSOLUTE
    _printf_return_value                     0x00000000   Number         0  stubs.o ABSOLUTE
    _printf_s                                0x00000000   Number         0  stubs.o ABSOLUTE
    _printf_sizespec                         0x00000000   Number         0  stubs.o ABSOLUTE
    _printf_str                              0x00000000   Number         0  stubs.o ABSOLUTE
    _printf_truncate_signed                  0x00000000   Number         0  stubs.o ABSOLUTE
    _printf_truncate_unsigned                0x00000000   Number         0  stubs.o ABSOLUTE
    _printf_u                                0x00000000   Number         0  stubs.o ABSOLUTE
    _printf_wc                               0x00000000   Number         0  stubs.o ABSOLUTE
    _printf_wctomb                           0x00000000   Number         0  stubs.o ABSOLUTE
    _printf_widthprec                        0x00000000   Number         0  stubs.o ABSOLUTE
    _printf_x                                0x00000000   Number         0  stubs.o ABSOLUTE
    __cpp_initialize__aeabi_                  - Undefined Weak Reference
    __cxa_finalize                            - Undefined Weak Reference
    _clock_init                               - Undefined Weak Reference
    _microlib_exit                            - Undefined Weak Reference
    __Vectors_Size                           0x000000c0   Number         0  startup_ft32f030x8.o ABSOLUTE
    __Vectors                                0x08000000   Data           4  startup_ft32f030x8.o(RESET)
    __Vectors_End                            0x080000c0   Data           0  startup_ft32f030x8.o(RESET)
    __main                                   0x080000c1   Thumb Code     0  entry.o(.ARM.Collect$$$$00000000)
    _main_stk                                0x080000c1   Thumb Code     0  entry2.o(.ARM.Collect$$$$00000001)
    _main_scatterload                        0x080000c5   Thumb Code     0  entry5.o(.ARM.Collect$$$$00000004)
    __main_after_scatterload                 0x080000c9   Thumb Code     0  entry5.o(.ARM.Collect$$$$00000004)
    _main_clock                              0x080000c9   Thumb Code     0  entry7b.o(.ARM.Collect$$$$00000008)
    _main_cpp_init                           0x080000c9   Thumb Code     0  entry8b.o(.ARM.Collect$$$$0000000A)
    _main_init                               0x080000c9   Thumb Code     0  entry9a.o(.ARM.Collect$$$$0000000B)
    __rt_final_cpp                           0x080000d1   Thumb Code     0  entry10a.o(.ARM.Collect$$$$0000000D)
    __rt_final_exit                          0x080000d1   Thumb Code     0  entry11a.o(.ARM.Collect$$$$0000000F)
    Reset_Handler                            0x080000d5   Thumb Code    38  startup_ft32f030x8.o(.text)
    ADC1_IRQHandler                          0x08000105   Thumb Code     0  startup_ft32f030x8.o(.text)
    DMA1_Channel1_IRQHandler                 0x08000105   Thumb Code     0  startup_ft32f030x8.o(.text)
    DMA1_Channel2_3_IRQHandler               0x08000105   Thumb Code     0  startup_ft32f030x8.o(.text)
    DMA1_Channel4_5_IRQHandler               0x08000105   Thumb Code     0  startup_ft32f030x8.o(.text)
    EXTI0_1_IRQHandler                       0x08000105   Thumb Code     0  startup_ft32f030x8.o(.text)
    EXTI2_3_IRQHandler                       0x08000105   Thumb Code     0  startup_ft32f030x8.o(.text)
    FLASH_IRQHandler                         0x08000105   Thumb Code     0  startup_ft32f030x8.o(.text)
    I2C1_IRQHandler                          0x08000105   Thumb Code     0  startup_ft32f030x8.o(.text)
    I2C2_IRQHandler                          0x08000105   Thumb Code     0  startup_ft32f030x8.o(.text)
    PVD_VDDIO_IRQHandler                     0x08000105   Thumb Code     0  startup_ft32f030x8.o(.text)
    RCC_IRQHandler                           0x08000105   Thumb Code     0  startup_ft32f030x8.o(.text)
    RTC_IRQHandler                           0x08000105   Thumb Code     0  startup_ft32f030x8.o(.text)
    SPI1_IRQHandler                          0x08000105   Thumb Code     0  startup_ft32f030x8.o(.text)
    SPI2_IRQHandler                          0x08000105   Thumb Code     0  startup_ft32f030x8.o(.text)
    TIM14_IRQHandler                         0x08000105   Thumb Code     0  startup_ft32f030x8.o(.text)
    TIM15_IRQHandler                         0x08000105   Thumb Code     0  startup_ft32f030x8.o(.text)
    TIM16_IRQHandler                         0x08000105   Thumb Code     0  startup_ft32f030x8.o(.text)
    TIM17_IRQHandler                         0x08000105   Thumb Code     0  startup_ft32f030x8.o(.text)
    TIM1_BRK_UP_TRG_COM_IRQHandler           0x08000105   Thumb Code     0  startup_ft32f030x8.o(.text)
    TIM1_CC_IRQHandler                       0x08000105   Thumb Code     0  startup_ft32f030x8.o(.text)
    TIM6_IRQHandler                          0x08000105   Thumb Code     0  startup_ft32f030x8.o(.text)
    USART1_IRQHandler                        0x08000105   Thumb Code     0  startup_ft32f030x8.o(.text)
    USART2_IRQHandler                        0x08000105   Thumb Code     0  startup_ft32f030x8.o(.text)
    USB_IRQHandler                           0x08000105   Thumb Code     0  startup_ft32f030x8.o(.text)
    WWDG_IRQHandler                          0x08000105   Thumb Code     0  startup_ft32f030x8.o(.text)
    __aeabi_uidiv                            0x0800012d   Thumb Code     0  uidiv.o(.text)
    __aeabi_uidivmod                         0x0800012d   Thumb Code    44  uidiv.o(.text)
    __aeabi_idiv                             0x08000159   Thumb Code     0  idiv.o(.text)
    __aeabi_idivmod                          0x08000159   Thumb Code    40  idiv.o(.text)
    __scatterload                            0x08000181   Thumb Code    28  init.o(.text)
    __scatterload_rt2                        0x08000181   Thumb Code     0  init.o(.text)
    __decompress                             0x080001a5   Thumb Code     0  __dczerorl2.o(.text)
    __decompress1                            0x080001a5   Thumb Code    86  __dczerorl2.o(.text)
    Display_Dynamic                          0x080001fd   Thumb Code    82  tft_lcd_handler.o(i.Display_Dynamic)
    Display_UI1                              0x08000265   Thumb Code   680  tft_lcd_handler.o(i.Display_UI1)
    EXTI4_15_IRQHandler                      0x0800057d   Thumb Code    38  ft_exit.o(i.EXTI4_15_IRQHandler)
    EXTI_ClearITPendingBit                   0x080005a9   Thumb Code     6  ft32f0xx_exti.o(i.EXTI_ClearITPendingBit)
    EXTI_GetITStatus                         0x080005b5   Thumb Code    22  ft32f0xx_exti.o(i.EXTI_GetITStatus)
    GPIO_Init                                0x080005d1   Thumb Code   144  ft32f0xx_gpio.o(i.GPIO_Init)
    HardFault_Handler                        0x08000661   Thumb Code     2  ft32f0xx_it.o(i.HardFault_Handler)
    LCD_Clear                                0x08000663   Thumb Code    94  mid_tftlcd.o(i.LCD_Clear)
    LCD_DrawLine                             0x080006c1   Thumb Code   132  mid_tftlcd.o(i.LCD_DrawLine)
    LCD_DrawPoint                            0x08000745   Thumb Code    38  mid_tftlcd.o(i.LCD_DrawPoint)
    LCD_DrawRectangle                        0x0800076b   Thumb Code   162  mid_tftlcd.o(i.LCD_DrawRectangle)
    LCD_DrawTriangle                         0x0800080d   Thumb Code   206  mid_tftlcd.o(i.LCD_DrawTriangle)
    LCD_DrawUnitLine                         0x080008db   Thumb Code   184  mid_tftlcd.o(i.LCD_DrawUnitLine)
    LCD_Fill                                 0x08000993   Thumb Code   116  mid_tftlcd.o(i.LCD_Fill)
    LCD_FillRectanglePercent                 0x08000a07   Thumb Code   146  mid_tftlcd.o(i.LCD_FillRectanglePercent)
    LCD_FillTriangle                         0x08000a99   Thumb Code   130  mid_tftlcd.o(i.LCD_FillTriangle)
    LCD_Param_Setting                        0x08000b1b   Thumb Code   120  mid_tftlcd.o(i.LCD_Param_Setting)
    LCD_SetCursor                            0x08000b93   Thumb Code    64  mid_tftlcd.o(i.LCD_SetCursor)
    LCD_ShowBMP                              0x08000bd3   Thumb Code   160  mid_tftlcd.o(i.LCD_ShowBMP)
    LCD_ShowChar                             0x08000c75   Thumb Code   276  mid_tftlcd.o(i.LCD_ShowChar)
    LCD_ShowString                           0x08000d95   Thumb Code   106  mid_tftlcd.o(i.LCD_ShowString)
    LCD_WriteRAM                             0x08000dff   Thumb Code    26  mid_tftlcd.o(i.LCD_WriteRAM)
    LCD_WriteRAM_Prepare                     0x08000e19   Thumb Code    18  mid_tftlcd.o(i.LCD_WriteRAM_Prepare)
    NMI_Handler                              0x08000e2b   Thumb Code     2  ft32f0xx_it.o(i.NMI_Handler)
    PendSV_Handler                           0x08000ea5   Thumb Code     2  ft32f0xx_it.o(i.PendSV_Handler)
    RCC_AHBPeriphClockCmd                    0x08000ea9   Thumb Code    28  ft32f0xx_rcc.o(i.RCC_AHBPeriphClockCmd)
    SVC_Handler                              0x08000ec9   Thumb Code     2  ft32f0xx_it.o(i.SVC_Handler)
    SysTick_CLKSourceConfig                  0x08000f9d   Thumb Code    32  ft32f0xx_misc.o(i.SysTick_CLKSourceConfig)
    SysTick_Handler                          0x08000fc1   Thumb Code     2  ft32f0xx_it.o(i.SysTick_Handler)
    SystemInit                               0x08000fc5   Thumb Code   110  system_ft32f0xx.o(i.SystemInit)
    TIM3_IRQHandler                          0x08001041   Thumb Code    56  ft_timer.o(i.TIM3_IRQHandler)
    TIM_ClearITPendingBit                    0x08001085   Thumb Code     6  ft32f0xx_tim.o(i.TIM_ClearITPendingBit)
    TIM_GetITStatus                          0x0800108b   Thumb Code    38  ft32f0xx_tim.o(i.TIM_GetITStatus)
    __scatterload_copy                       0x080010b1   Thumb Code    14  handlers.o(i.__scatterload_copy)
    __scatterload_null                       0x080010bf   Thumb Code     2  handlers.o(i.__scatterload_null)
    __scatterload_zeroinit                   0x080010c1   Thumb Code    14  handlers.o(i.__scatterload_zeroinit)
    conf_gpio_input                          0x080010cf   Thumb Code    38  ft_gpio.o(i.conf_gpio_input)
    conf_gpio_output                         0x080010f5   Thumb Code    46  ft_gpio.o(i.conf_gpio_output)
    delay_ms                                 0x08001123   Thumb Code    12  mid_delay.o(i.delay_ms)
    ft_delay_ms                              0x08001131   Thumb Code    56  ft_systick.o(i.ft_delay_ms)
    ft_systick_init                          0x08001171   Thumb Code    52  ft_systick.o(i.ft_systick_init)
    gpio_config                              0x080011b1   Thumb Code    46  mid_gpio.o(i.gpio_config)
    gpio_output_set                          0x080011df   Thumb Code    32  mid_gpio.o(i.gpio_output_set)
    main                                     0x080011ff   Thumb Code    20  main.o(i.main)
    mid_system_tick_init                     0x08001213   Thumb Code     8  mid_systick.o(i.mid_system_tick_init)
    set_gpio_value                           0x0800121b   Thumb Code    12  ft_gpio.o(i.set_gpio_value)
    st7789_init                              0x08001227   Thumb Code   724  st7789.o(i.st7789_init)
    st7789_send_byte                         0x080014fd   Thumb Code   164  st7789.o(i.st7789_send_byte)
    st7789_write_burst_data                  0x080015a9   Thumb Code    98  st7789.o(i.st7789_write_burst_data)
    st7789_write_cmd                         0x0800160b   Thumb Code    74  st7789.o(i.st7789_write_cmd)
    st7789_write_data                        0x08001655   Thumb Code    74  st7789.o(i.st7789_write_data)
    tft_lcd_init                             0x080016a1   Thumb Code    10  tft_lcd_handler.o(i.tft_lcd_init)
    gImage_fan                               0x080016b0   Data         112  tft_lcd_handler.o(.constdata)
    gImage_dot                               0x08001720   Data          60  tft_lcd_handler.o(.constdata)
    asc2_1206                                0x0800175c   Data        1140  mid_tftlcd.o(.constdata)
    asc2_1608                                0x08001bd0   Data        1520  mid_tftlcd.o(.constdata)
    asc2_2412                                0x080021c0   Data        3420  mid_tftlcd.o(.constdata)
    Region$$Table$$Base                      0x08002f1c   Number         0  anon$$obj.o(Region$$Table)
    Region$$Table$$Limit                     0x08002f3c   Number         0  anon$$obj.o(Region$$Table)
    __initial_sp                             0x20000550   Data           0  startup_ft32f030x8.o(STACK)



==============================================================================

Memory Map of the image

  Image Entry point : 0x080000c1

  Load Region LR_IROM1 (Base: 0x08000000, Size: 0x0000308c, Max: 0x00010000, ABSOLUTE, COMPRESSED[0x00002f98])

    Execution Region ER_IROM1 (Exec base: 0x08000000, Load base: 0x08000000, Size: 0x00002f3c, Max: 0x00010000, ABSOLUTE)

    Exec Addr    Load Addr    Size         Type   Attr      Idx    E Section Name        Object

    0x08000000   0x08000000   0x000000c0   Data   RO            3    RESET               startup_ft32f030x8.o
    0x080000c0   0x080000c0   0x00000000   Code   RO         3722  * .ARM.Collect$$$$00000000  mc_p.l(entry.o)
    0x080000c0   0x080000c0   0x00000004   Code   RO         3994    .ARM.Collect$$$$00000001  mc_p.l(entry2.o)
    0x080000c4   0x080000c4   0x00000004   Code   RO         3997    .ARM.Collect$$$$00000004  mc_p.l(entry5.o)
    0x080000c8   0x080000c8   0x00000000   Code   RO         3999    .ARM.Collect$$$$00000008  mc_p.l(entry7b.o)
    0x080000c8   0x080000c8   0x00000000   Code   RO         4001    .ARM.Collect$$$$0000000A  mc_p.l(entry8b.o)
    0x080000c8   0x080000c8   0x00000008   Code   RO         4002    .ARM.Collect$$$$0000000B  mc_p.l(entry9a.o)
    0x080000d0   0x080000d0   0x00000000   Code   RO         4004    .ARM.Collect$$$$0000000D  mc_p.l(entry10a.o)
    0x080000d0   0x080000d0   0x00000000   Code   RO         4006    .ARM.Collect$$$$0000000F  mc_p.l(entry11a.o)
    0x080000d0   0x080000d0   0x00000004   Code   RO         3995    .ARM.Collect$$$$00002712  mc_p.l(entry2.o)
    0x080000d4   0x080000d4   0x00000058   Code   RO            4    .text               startup_ft32f030x8.o
    0x0800012c   0x0800012c   0x0000002c   Code   RO         3725    .text               mc_p.l(uidiv.o)
    0x08000158   0x08000158   0x00000028   Code   RO         3727    .text               mc_p.l(idiv.o)
    0x08000180   0x08000180   0x00000024   Code   RO         4021    .text               mc_p.l(init.o)
    0x080001a4   0x080001a4   0x00000056   Code   RO         4041    .text               mc_p.l(__dczerorl2.o)
    0x080001fa   0x080001fa   0x00000002   PAD
    0x080001fc   0x080001fc   0x00000068   Code   RO          350    i.Display_Dynamic   tft_lcd_handler.o
    0x08000264   0x08000264   0x00000318   Code   RO          351    i.Display_UI1       tft_lcd_handler.o
    0x0800057c   0x0800057c   0x0000002c   Code   RO         3361    i.EXTI4_15_IRQHandler  ft_exit.o
    0x080005a8   0x080005a8   0x0000000c   Code   RO          920    i.EXTI_ClearITPendingBit  ft32f0xx_exti.o
    0x080005b4   0x080005b4   0x0000001c   Code   RO          924    i.EXTI_GetITStatus  ft32f0xx_exti.o
    0x080005d0   0x080005d0   0x00000090   Code   RO         1170    i.GPIO_Init         ft32f0xx_gpio.o
    0x08000660   0x08000660   0x00000002   Code   RO          303    i.HardFault_Handler  ft32f0xx_it.o
    0x08000662   0x08000662   0x0000005e   Code   RO         3590    i.LCD_Clear         mid_tftlcd.o
    0x080006c0   0x080006c0   0x00000084   Code   RO         3591    i.LCD_DrawLine      mid_tftlcd.o
    0x08000744   0x08000744   0x00000026   Code   RO         3592    i.LCD_DrawPoint     mid_tftlcd.o
    0x0800076a   0x0800076a   0x000000a2   Code   RO         3593    i.LCD_DrawRectangle  mid_tftlcd.o
    0x0800080c   0x0800080c   0x000000ce   Code   RO         3594    i.LCD_DrawTriangle  mid_tftlcd.o
    0x080008da   0x080008da   0x000000b8   Code   RO         3595    i.LCD_DrawUnitLine  mid_tftlcd.o
    0x08000992   0x08000992   0x00000074   Code   RO         3596    i.LCD_Fill          mid_tftlcd.o
    0x08000a06   0x08000a06   0x00000092   Code   RO         3597    i.LCD_FillRectanglePercent  mid_tftlcd.o
    0x08000a98   0x08000a98   0x00000082   Code   RO         3598    i.LCD_FillTriangle  mid_tftlcd.o
    0x08000b1a   0x08000b1a   0x00000078   Code   RO         3599    i.LCD_Param_Setting  mid_tftlcd.o
    0x08000b92   0x08000b92   0x00000040   Code   RO         3601    i.LCD_SetCursor     mid_tftlcd.o
    0x08000bd2   0x08000bd2   0x000000a0   Code   RO         3602    i.LCD_ShowBMP       mid_tftlcd.o
    0x08000c72   0x08000c72   0x00000002   PAD
    0x08000c74   0x08000c74   0x00000120   Code   RO         3603    i.LCD_ShowChar      mid_tftlcd.o
    0x08000d94   0x08000d94   0x0000006a   Code   RO         3605    i.LCD_ShowString    mid_tftlcd.o
    0x08000dfe   0x08000dfe   0x0000001a   Code   RO         3606    i.LCD_WriteRAM      mid_tftlcd.o
    0x08000e18   0x08000e18   0x00000012   Code   RO         3607    i.LCD_WriteRAM_Prepare  mid_tftlcd.o
    0x08000e2a   0x08000e2a   0x00000002   Code   RO          304    i.NMI_Handler       ft32f0xx_it.o
    0x08000e2c   0x08000e2c   0x00000078   Code   RO         3128    i.NVIC_SetPriority  ft_systick.o
    0x08000ea4   0x08000ea4   0x00000002   Code   RO          305    i.PendSV_Handler    ft32f0xx_it.o
    0x08000ea6   0x08000ea6   0x00000002   PAD
    0x08000ea8   0x08000ea8   0x00000020   Code   RO         1699    i.RCC_AHBPeriphClockCmd  ft32f0xx_rcc.o
    0x08000ec8   0x08000ec8   0x00000002   Code   RO          306    i.SVC_Handler       ft32f0xx_it.o
    0x08000eca   0x08000eca   0x00000002   PAD
    0x08000ecc   0x08000ecc   0x000000d0   Code   RO           12    i.SetSysClock       system_ft32f0xx.o
    0x08000f9c   0x08000f9c   0x00000024   Code   RO         1591    i.SysTick_CLKSourceConfig  ft32f0xx_misc.o
    0x08000fc0   0x08000fc0   0x00000002   Code   RO          307    i.SysTick_Handler   ft32f0xx_it.o
    0x08000fc2   0x08000fc2   0x00000002   PAD
    0x08000fc4   0x08000fc4   0x0000007c   Code   RO           14    i.SystemInit        system_ft32f0xx.o
    0x08001040   0x08001040   0x00000044   Code   RO         3186    i.TIM3_IRQHandler   ft_timer.o
    0x08001084   0x08001084   0x00000006   Code   RO         2209    i.TIM_ClearITPendingBit  ft32f0xx_tim.o
    0x0800108a   0x0800108a   0x00000026   Code   RO         2235    i.TIM_GetITStatus   ft32f0xx_tim.o
    0x080010b0   0x080010b0   0x0000000e   Code   RO         4035    i.__scatterload_copy  mc_p.l(handlers.o)
    0x080010be   0x080010be   0x00000002   Code   RO         4036    i.__scatterload_null  mc_p.l(handlers.o)
    0x080010c0   0x080010c0   0x0000000e   Code   RO         4037    i.__scatterload_zeroinit  mc_p.l(handlers.o)
    0x080010ce   0x080010ce   0x00000026   Code   RO         3052    i.conf_gpio_input   ft_gpio.o
    0x080010f4   0x080010f4   0x0000002e   Code   RO         3053    i.conf_gpio_output  ft_gpio.o
    0x08001122   0x08001122   0x0000000c   Code   RO         3509    i.delay_ms          mid_delay.o
    0x0800112e   0x0800112e   0x00000002   PAD
    0x08001130   0x08001130   0x00000040   Code   RO         3130    i.ft_delay_ms       ft_systick.o
    0x08001170   0x08001170   0x00000040   Code   RO         3132    i.ft_systick_init   ft_systick.o
    0x080011b0   0x080011b0   0x0000002e   Code   RO         3427    i.gpio_config       mid_gpio.o
    0x080011de   0x080011de   0x00000020   Code   RO         3429    i.gpio_output_set   mid_gpio.o
    0x080011fe   0x080011fe   0x00000014   Code   RO          134    i.main              main.o
    0x08001212   0x08001212   0x00000008   Code   RO         3538    i.mid_system_tick_init  mid_systick.o
    0x0800121a   0x0800121a   0x0000000c   Code   RO         3060    i.set_gpio_value    ft_gpio.o
    0x08001226   0x08001226   0x000002d4   Code   RO         3008    i.st7789_init       st7789.o
    0x080014fa   0x080014fa   0x00000002   PAD
    0x080014fc   0x080014fc   0x000000ac   Code   RO         3009    i.st7789_send_byte  st7789.o
    0x080015a8   0x080015a8   0x00000062   Code   RO         3010    i.st7789_write_burst_data  st7789.o
    0x0800160a   0x0800160a   0x0000004a   Code   RO         3011    i.st7789_write_cmd  st7789.o
    0x08001654   0x08001654   0x0000004a   Code   RO         3012    i.st7789_write_data  st7789.o
    0x0800169e   0x0800169e   0x00000002   PAD
    0x080016a0   0x080016a0   0x00000010   Code   RO          352    i.tft_lcd_init      tft_lcd_handler.o
    0x080016b0   0x080016b0   0x000000ac   Data   RO          353    .constdata          tft_lcd_handler.o
    0x0800175c   0x0800175c   0x000017c0   Data   RO         3608    .constdata          mid_tftlcd.o
    0x08002f1c   0x08002f1c   0x00000020   Data   RO         4033    Region$$Table       anon$$obj.o


    Execution Region RW_IRAM1 (Exec base: 0x20000000, Load base: 0x08002f3c, Size: 0x00000550, Max: 0x00002000, ABSOLUTE, COMPRESSED[0x0000005c])

    Exec Addr    Load Addr    Size         Type   Attr      Idx    E Section Name        Object

    0x20000000   COMPRESSED   0x0000012c   Data   RW          354    .data               tft_lcd_handler.o
    0x2000012c   COMPRESSED   0x0000000c   Data   RW         3133    .data               ft_systick.o
    0x20000138   COMPRESSED   0x00000012   Data   RW         3190    .data               ft_timer.o
    0x2000014a   COMPRESSED   0x00000002   PAD
    0x2000014c   COMPRESSED   0x00000004   Data   RW         3365    .data               ft_exit.o
    0x20000150        -       0x00000400   Zero   RW            1    STACK               startup_ft32f030x8.o


==============================================================================

Image component sizes


      Code (inc. data)   RO Data    RW Data    ZI Data      Debug   Object Name

        40         12          0          0          0       1248   ft32f0xx_exti.o
       144          0          0          0          0       6760   ft32f0xx_gpio.o
        10          0          0          0          0       2187   ft32f0xx_it.o
        36          4          0          0          0        618   ft32f0xx_misc.o
        32          4          0          0          0        644   ft32f0xx_rcc.o
        44          0          0          0          0      22202   ft32f0xx_tim.o
        44          6          0          4          0        806   ft_exit.o
        96          0          0          0          0       2682   ft_gpio.o
       248         30          0         12          0       2004   ft_systick.o
        68         12          0         18          0       1416   ft_timer.o
        20          0          0          0          0     143315   main.o
        12          0          0          0          0        571   mid_delay.o
        78          0          0          0          0       1916   mid_gpio.o
         8          0          0          0          0        559   mid_systick.o
      1990         12       6080          0          0      18670   mid_tftlcd.o
      1142          8          0          0          0       4482   st7789.o
        88         38        192          0       1024        800   startup_ft32f030x8.o
       332         22          0          0          0     170497   system_ft32f0xx.o
       912        140        172        300          0       2471   tft_lcd_handler.o

    ----------------------------------------------------------------------
      5358        288       6476        336       1024     383848   Object Totals
         0          0         32          0          0          0   (incl. Generated)
        14          0          0          2          0          0   (incl. Padding)

    ----------------------------------------------------------------------

      Code (inc. data)   RO Data    RW Data    ZI Data      Debug   Library Member Name

        86          0          0          0          0          0   __dczerorl2.o
         0          0          0          0          0          0   entry.o
         0          0          0          0          0          0   entry10a.o
         0          0          0          0          0          0   entry11a.o
         8          4          0          0          0          0   entry2.o
         4          0          0          0          0          0   entry5.o
         0          0          0          0          0          0   entry7b.o
         0          0          0          0          0          0   entry8b.o
         8          4          0          0          0          0   entry9a.o
        30          0          0          0          0          0   handlers.o
        40          0          0          0          0         72   idiv.o
        36          8          0          0          0         68   init.o
        44          0          0          0          0         72   uidiv.o

    ----------------------------------------------------------------------
       258         16          0          0          0        212   Library Totals
         2          0          0          0          0          0   (incl. Padding)

    ----------------------------------------------------------------------

      Code (inc. data)   RO Data    RW Data    ZI Data      Debug   Library Name

       256         16          0          0          0        212   mc_p.l

    ----------------------------------------------------------------------
       258         16          0          0          0        212   Library Totals

    ----------------------------------------------------------------------

==============================================================================


      Code (inc. data)   RO Data    RW Data    ZI Data      Debug   

      5616        304       6476        336       1024     382172   Grand Totals
      5616        304       6476         92       1024     382172   ELF Image Totals (compressed)
      5616        304       6476         92          0          0   ROM Totals

==============================================================================

    Total RO  Size (Code + RO Data)                12092 (  11.81kB)
    Total RW  Size (RW Data + ZI Data)              1360 (   1.33kB)
    Total ROM Size (Code + RO Data + RW Data)      12184 (  11.90kB)

==============================================================================

